Seq	Host	Starttime	JobRuntime	Send	Receive	Exitval	Signal	Command
17	:	1790009759.608	  5543.375	0	34178	0	0	./bin/champsim_goldencove_1c_ddr5 --warmup-instructions 200000000 --ramulator-stats results/1c/ddr5/ramulator/603.bwaves_s-5359B.yaml --json results/1c/ddr5/champsim/603.bwaves_s-5359B.json traces/603.bwaves_s-5359B.champsimtrace.xz
31	:	1790009759.640	  5577.274	0	34212	0	0	./bin/champsim_goldencove_1c_ddr5 --warmup-instructions 200000000 --ramulator-stats results/1c/ddr5/ramulator/607.cactuBSSN_s-4248B.yaml --json results/1c/ddr5/champsim/607.cactuBSSN_s-4248B.json traces/607.cactuBSSN_s-4248B.champsimtrace.xz
16	:	1790009759.607	  5618.268	0	34152	0	0	./bin/champsim_goldencove_1c_ddr5 --warmup-instructions 200000000 --ramulator-stats results/1c/ddr5/ramulator/603.bwaves_s-3699B.yaml --json results/1c/ddr5/champsim/603.bwaves_s-3699B.json traces/603.bwaves_s-3699B.champsimtrace.xz
12	:	1790009759.600	  6037.907	0	34168	0	0	./bin/champsim_goldencove_1c_ddr5 --warmup-instructions 200000000 --ramulator-stats results/1c/ddr5/ramulator/603.bwaves_s-1080B.yaml --json results/1c/ddr5/champsim/603.bwaves_s-1080B.json traces/603.bwaves_s-1080B.champsimtrace.xz
48	:	1790009759.692	  6748.105	0	34225	0	0	./bin/champsim_goldencove_1c_ddr5 --warmup-instructions 200000000 --ramulator-stats results/1c/ddr5/ramulator/625.x264_s-12B.yaml --json results/1c/ddr5/champsim/625.x264_s-12B.json traces/625.x264_s-12B.champsimtrace.xz
11	:	1790009759.598	  8127.736	0	34209	0	0	./bin/champsim_goldencove_1c_ddr5 --warmup-instructions 200000000 --ramulator-stats results/1c/ddr5/ramulator/602.gcc_s-734B.yaml --json results/1c/ddr5/champsim/602.gcc_s-734B.json traces/602.gcc_s-734B.champsimtrace.xz
5	:	1790009759.588	  8217.082	0	34290	0	0	./bin/champsim_goldencove_1c_ddr5 --warmup-instructions 200000000 --ramulator-stats results/1c/ddr5/ramulator/600.perlbench_s-1273B.yaml --json results/1c/ddr5/champsim/600.perlbench_s-1273B.json traces/600.perlbench_s-1273B.champsimtrace.xz
6	:	1790009759.589	  8316.983	0	34299	0	0	./bin/champsim_goldencove_1c_ddr5 --warmup-instructions 200000000 --ramulator-stats results/1c/ddr5/ramulator/600.perlbench_s-210B.yaml --json results/1c/ddr5/champsim/600.perlbench_s-210B.json traces/600.perlbench_s-210B.champsimtrace.xz
7	:	1790009759.591	  8344.352	0	34295	0	0	./bin/champsim_goldencove_1c_ddr5 --warmup-instructions 200000000 --ramulator-stats results/1c/ddr5/ramulator/600.perlbench_s-570B.yaml --json results/1c/ddr5/champsim/600.perlbench_s-570B.json traces/600.perlbench_s-570B.champsimtrace.xz
10	:	1790009759.596	  8405.055	0	34590	0	0	./bin/champsim_goldencove_1c_ddr5 --warmup-instructions 200000000 --ramulator-stats results/1c/ddr5/ramulator/602.gcc_s-2375B.yaml --json results/1c/ddr5/champsim/602.gcc_s-2375B.json traces/602.gcc_s-2375B.champsimtrace.xz
39	:	1790009759.663	  8584.277	0	34481	0	0	./bin/champsim_goldencove_1c_ddr5 --warmup-instructions 200000000 --ramulator-stats results/1c/ddr5/ramulator/621.wrf_s-6673B.yaml --json results/1c/ddr5/champsim/621.wrf_s-6673B.json traces/621.wrf_s-6673B.champsimtrace.xz
41	:	1790009759.668	  8691.973	0	34366	0	0	./bin/champsim_goldencove_1c_ddr5 --warmup-instructions 200000000 --ramulator-stats results/1c/ddr5/ramulator/621.wrf_s-8100B.yaml --json results/1c/ddr5/champsim/621.wrf_s-8100B.json traces/621.wrf_s-8100B.champsimtrace.xz
40	:	1790009759.666	  8713.916	0	34526	0	0	./bin/champsim_goldencove_1c_ddr5 --warmup-instructions 200000000 --ramulator-stats results/1c/ddr5/ramulator/621.wrf_s-8065B.yaml --json results/1c/ddr5/champsim/621.wrf_s-8065B.json traces/621.wrf_s-8065B.champsimtrace.xz
43	:	1790009759.674	  8763.868	0	34250	0	0	./bin/champsim_goldencove_1c_ddr5 --warmup-instructions 200000000 --ramulator-stats results/1c/ddr5/ramulator/623.xalancbmk_s-165B.yaml --json results/1c/ddr5/champsim/623.xalancbmk_s-165B.json traces/623.xalancbmk_s-165B.champsimtrace.xz
45	:	1790009759.682	  9079.278	0	34479	0	0	./bin/champsim_goldencove_1c_ddr5 --warmup-instructions 200000000 --ramulator-stats results/1c/ddr5/ramulator/623.xalancbmk_s-325B.yaml --json results/1c/ddr5/champsim/623.xalancbmk_s-325B.json traces/623.xalancbmk_s-325B.champsimtrace.xz
46	:	1790009759.685	  9197.615	0	34484	0	0	./bin/champsim_goldencove_1c_ddr5 --warmup-instructions 200000000 --ramulator-stats results/1c/ddr5/ramulator/623.xalancbmk_s-592B.yaml --json results/1c/ddr5/champsim/623.xalancbmk_s-592B.json traces/623.xalancbmk_s-592B.champsimtrace.xz
38	:	1790009759.660	  9250.009	0	34464	0	0	./bin/champsim_goldencove_1c_ddr5 --warmup-instructions 200000000 --ramulator-stats results/1c/ddr5/ramulator/621.wrf_s-575B.yaml --json results/1c/ddr5/champsim/621.wrf_s-575B.json traces/621.wrf_s-575B.champsimtrace.xz
44	:	1790009759.678	  9524.815	0	34307	0	0	./bin/champsim_goldencove_1c_ddr5 --warmup-instructions 200000000 --ramulator-stats results/1c/ddr5/ramulator/623.xalancbmk_s-202B.yaml --json results/1c/ddr5/champsim/623.xalancbmk_s-202B.json traces/623.xalancbmk_s-202B.champsimtrace.xz
15	:	1790009759.605	  9754.802	0	34283	0	0	./bin/champsim_goldencove_1c_ddr5 --warmup-instructions 200000000 --ramulator-stats results/1c/ddr5/ramulator/603.bwaves_s-2931B.yaml --json results/1c/ddr5/champsim/603.bwaves_s-2931B.json traces/603.bwaves_s-2931B.champsimtrace.xz
47	:	1790009759.689	  9773.688	0	34590	0	0	./bin/champsim_goldencove_1c_ddr5 --warmup-instructions 200000000 --ramulator-stats results/1c/ddr5/ramulator/623.xalancbmk_s-700B.yaml --json results/1c/ddr5/champsim/623.xalancbmk_s-700B.json traces/623.xalancbmk_s-700B.champsimtrace.xz
8	:	1790009759.593	 10126.828	0	34592	0	0	./bin/champsim_goldencove_1c_ddr5 --warmup-instructions 200000000 --ramulator-stats results/1c/ddr5/ramulator/602.gcc_s-1850B.yaml --json results/1c/ddr5/champsim/602.gcc_s-1850B.json traces/602.gcc_s-1850B.champsimtrace.xz
28	:	1790009759.632	 10400.723	0	34241	0	0	./bin/champsim_goldencove_1c_ddr5 --warmup-instructions 200000000 --ramulator-stats results/1c/ddr5/ramulator/607.cactuBSSN_s-2421B.yaml --json results/1c/ddr5/champsim/607.cactuBSSN_s-2421B.json traces/607.cactuBSSN_s-2421B.champsimtrace.xz
18	:	1790009759.610	 10574.416	0	34618	0	0	./bin/champsim_goldencove_1c_ddr5 --warmup-instructions 200000000 --ramulator-stats results/1c/ddr5/ramulator/603.bwaves_s-891B.yaml --json results/1c/ddr5/champsim/603.bwaves_s-891B.json traces/603.bwaves_s-891B.champsimtrace.xz
30	:	1790009759.637	 10746.431	0	34267	0	0	./bin/champsim_goldencove_1c_ddr5 --warmup-instructions 200000000 --ramulator-stats results/1c/ddr5/ramulator/607.cactuBSSN_s-4004B.yaml --json results/1c/ddr5/champsim/607.cactuBSSN_s-4004B.json traces/607.cactuBSSN_s-4004B.champsimtrace.xz
29	:	1790009759.635	 10837.213	0	34357	0	0	./bin/champsim_goldencove_1c_ddr5 --warmup-instructions 200000000 --ramulator-stats results/1c/ddr5/ramulator/607.cactuBSSN_s-3477B.yaml --json results/1c/ddr5/champsim/607.cactuBSSN_s-3477B.json traces/607.cactuBSSN_s-3477B.champsimtrace.xz
13	:	1790009759.602	 11195.825	0	34637	0	0	./bin/champsim_goldencove_1c_ddr5 --warmup-instructions 200000000 --ramulator-stats results/1c/ddr5/ramulator/603.bwaves_s-1740B.yaml --json results/1c/ddr5/champsim/603.bwaves_s-1740B.json traces/603.bwaves_s-1740B.champsimtrace.xz
14	:	1790009759.603	 11342.354	0	34643	0	0	./bin/champsim_goldencove_1c_ddr5 --warmup-instructions 200000000 --ramulator-stats results/1c/ddr5/ramulator/603.bwaves_s-2609B.yaml --json results/1c/ddr5/champsim/603.bwaves_s-2609B.json traces/603.bwaves_s-2609B.champsimtrace.xz
49	:	1790015302.996	  6657.648	0	34217	0	0	./bin/champsim_goldencove_1c_ddr5 --warmup-instructions 200000000 --ramulator-stats results/1c/ddr5/ramulator/625.x264_s-18B.yaml --json results/1c/ddr5/champsim/625.x264_s-18B.json traces/625.x264_s-18B.champsimtrace.xz
51	:	1790015377.884	  6666.632	0	34213	0	0	./bin/champsim_goldencove_1c_ddr5 --warmup-instructions 200000000 --ramulator-stats results/1c/ddr5/ramulator/625.x264_s-33B.yaml --json results/1c/ddr5/champsim/625.x264_s-33B.json traces/625.x264_s-33B.champsimtrace.xz
50	:	1790015336.923	  6723.025	0	34206	0	0	./bin/champsim_goldencove_1c_ddr5 --warmup-instructions 200000000 --ramulator-stats results/1c/ddr5/ramulator/625.x264_s-20B.yaml --json results/1c/ddr5/champsim/625.x264_s-20B.json traces/625.x264_s-20B.champsimtrace.xz
57	:	1790018103.952	  4260.809	0	33929	0	0	./bin/champsim_goldencove_1c_ddr5 --warmup-instructions 200000000 --ramulator-stats results/1c/ddr5/ramulator/638.imagick_s-10316B.yaml --json results/1c/ddr5/champsim/638.imagick_s-10316B.json traces/638.imagick_s-10316B.champsimtrace.xz
52	:	1790015797.513	  6661.259	0	34224	0	0	./bin/champsim_goldencove_1c_ddr5 --warmup-instructions 200000000 --ramulator-stats results/1c/ddr5/ramulator/625.x264_s-39B.yaml --json results/1c/ddr5/champsim/625.x264_s-39B.json traces/625.x264_s-39B.champsimtrace.xz
32	:	1790009759.643	 13951.496	0	34649	0	0	./bin/champsim_goldencove_1c_ddr5 --warmup-instructions 200000000 --ramulator-stats results/1c/ddr5/ramulator/619.lbm_s-2676B.yaml --json results/1c/ddr5/champsim/619.lbm_s-2676B.json traces/619.lbm_s-2676B.champsimtrace.xz
35	:	1790009759.651	 14097.545	0	34652	0	0	./bin/champsim_goldencove_1c_ddr5 --warmup-instructions 200000000 --ramulator-stats results/1c/ddr5/ramulator/619.lbm_s-4268B.yaml --json results/1c/ddr5/champsim/619.lbm_s-4268B.json traces/619.lbm_s-4268B.champsimtrace.xz
22	:	1790009759.619	 14342.755	0	34768	0	0	./bin/champsim_goldencove_1c_ddr5 --warmup-instructions 200000000 --ramulator-stats results/1c/ddr5/ramulator/605.mcf_s-1644B.yaml --json results/1c/ddr5/champsim/605.mcf_s-1644B.json traces/605.mcf_s-1644B.champsimtrace.xz
33	:	1790009759.645	 14895.770	0	34665	0	0	./bin/champsim_goldencove_1c_ddr5 --warmup-instructions 200000000 --ramulator-stats results/1c/ddr5/ramulator/619.lbm_s-2677B.yaml --json results/1c/ddr5/champsim/619.lbm_s-2677B.json traces/619.lbm_s-2677B.champsimtrace.xz
58	:	1790018164.658	  6862.245	0	34199	0	0	./bin/champsim_goldencove_1c_ddr5 --warmup-instructions 200000000 --ramulator-stats results/1c/ddr5/ramulator/638.imagick_s-4128B.yaml --json results/1c/ddr5/champsim/638.imagick_s-4128B.json traces/638.imagick_s-4128B.champsimtrace.xz
55	:	1790017976.677	  7123.937	0	34229	0	0	./bin/champsim_goldencove_1c_ddr5 --warmup-instructions 200000000 --ramulator-stats results/1c/ddr5/ramulator/628.pop2_s-17B.yaml --json results/1c/ddr5/champsim/628.pop2_s-17B.json traces/628.pop2_s-17B.champsimtrace.xz
54	:	1790017887.355	  7407.365	0	34269	0	0	./bin/champsim_goldencove_1c_ddr5 --warmup-instructions 200000000 --ramulator-stats results/1c/ddr5/ramulator/627.cam4_s-573B.yaml --json results/1c/ddr5/champsim/627.cam4_s-573B.json traces/627.cam4_s-573B.champsimtrace.xz
53	:	1790016507.805	  8999.766	0	34452	0	0	./bin/champsim_goldencove_1c_ddr5 --warmup-instructions 200000000 --ramulator-stats results/1c/ddr5/ramulator/627.cam4_s-490B.yaml --json results/1c/ddr5/champsim/627.cam4_s-490B.json traces/627.cam4_s-490B.champsimtrace.xz
59	:	1790018343.947	  7210.408	0	34181	0	0	./bin/champsim_goldencove_1c_ddr5 --warmup-instructions 200000000 --ramulator-stats results/1c/ddr5/ramulator/638.imagick_s-824B.yaml --json results/1c/ddr5/champsim/638.imagick_s-824B.json traces/638.imagick_s-824B.champsimtrace.xz
37	:	1790009759.657	 15990.307	0	34684	0	0	./bin/champsim_goldencove_1c_ddr5 --warmup-instructions 200000000 --ramulator-stats results/1c/ddr5/ramulator/620.omnetpp_s-874B.yaml --json results/1c/ddr5/champsim/620.omnetpp_s-874B.json traces/620.omnetpp_s-874B.champsimtrace.xz
62	:	1790018523.547	  7286.430	0	34234	0	0	./bin/champsim_goldencove_1c_ddr5 --warmup-instructions 200000000 --ramulator-stats results/1c/ddr5/ramulator/641.leela_s-149B.yaml --json results/1c/ddr5/champsim/641.leela_s-149B.json traces/641.leela_s-149B.champsimtrace.xz
56	:	1790018076.578	  7847.802	0	34251	0	0	./bin/champsim_goldencove_1c_ddr5 --warmup-instructions 200000000 --ramulator-stats results/1c/ddr5/ramulator/631.deepsjeng_s-928B.yaml --json results/1c/ddr5/champsim/631.deepsjeng_s-928B.json traces/631.deepsjeng_s-928B.champsimtrace.xz
34	:	1790009759.648	 16178.507	0	34625	0	0	./bin/champsim_goldencove_1c_ddr5 --warmup-instructions 200000000 --ramulator-stats results/1c/ddr5/ramulator/619.lbm_s-3766B.yaml --json results/1c/ddr5/champsim/619.lbm_s-3766B.json traces/619.lbm_s-3766B.champsimtrace.xz
27	:	1790009759.629	 16213.864	0	34672	0	0	./bin/champsim_goldencove_1c_ddr5 --warmup-instructions 200000000 --ramulator-stats results/1c/ddr5/ramulator/605.mcf_s-994B.yaml --json results/1c/ddr5/champsim/605.mcf_s-994B.json traces/605.mcf_s-994B.champsimtrace.xz
61	:	1790018473.587	  7540.552	0	34359	0	0	./bin/champsim_goldencove_1c_ddr5 --warmup-instructions 200000000 --ramulator-stats results/1c/ddr5/ramulator/641.leela_s-1083B.yaml --json results/1c/ddr5/champsim/641.leela_s-1083B.json traces/641.leela_s-1083B.champsimtrace.xz
60	:	1790018451.648	  7584.661	0	34276	0	0	./bin/champsim_goldencove_1c_ddr5 --warmup-instructions 200000000 --ramulator-stats results/1c/ddr5/ramulator/641.leela_s-1052B.yaml --json results/1c/ddr5/champsim/641.leela_s-1052B.json traces/641.leela_s-1052B.champsimtrace.xz
67	:	1790019514.415	  6539.854	0	34198	0	0	./bin/champsim_goldencove_1c_ddr5 --warmup-instructions 200000000 --ramulator-stats results/1c/ddr5/ramulator/644.nab_s-12459B.yaml --json results/1c/ddr5/champsim/644.nab_s-12459B.json traces/644.nab_s-12459B.champsimtrace.xz
65	:	1790019009.676	  7362.988	0	34284	0	0	./bin/champsim_goldencove_1c_ddr5 --warmup-instructions 200000000 --ramulator-stats results/1c/ddr5/ramulator/641.leela_s-800B.yaml --json results/1c/ddr5/champsim/641.leela_s-800B.json traces/641.leela_s-800B.champsimtrace.xz
64	:	1790018957.309	  7500.503	0	34258	0	0	./bin/champsim_goldencove_1c_ddr5 --warmup-instructions 200000000 --ramulator-stats results/1c/ddr5/ramulator/641.leela_s-602B.yaml --json results/1c/ddr5/champsim/641.leela_s-602B.json traces/641.leela_s-602B.champsimtrace.xz
63	:	1790018838.967	  7671.654	0	34289	0	0	./bin/champsim_goldencove_1c_ddr5 --warmup-instructions 200000000 --ramulator-stats results/1c/ddr5/ramulator/641.leela_s-334B.yaml --json results/1c/ddr5/champsim/641.leela_s-334B.json traces/641.leela_s-334B.champsimtrace.xz
36	:	1790009759.654	 16834.345	0	34688	0	0	./bin/champsim_goldencove_1c_ddr5 --warmup-instructions 200000000 --ramulator-stats results/1c/ddr5/ramulator/620.omnetpp_s-141B.yaml --json results/1c/ddr5/champsim/620.omnetpp_s-141B.json traces/620.omnetpp_s-141B.champsimtrace.xz
66	:	1790019284.503	  7350.000	0	34272	0	0	./bin/champsim_goldencove_1c_ddr5 --warmup-instructions 200000000 --ramulator-stats results/1c/ddr5/ramulator/641.leela_s-862B.yaml --json results/1c/ddr5/champsim/641.leela_s-862B.json traces/641.leela_s-862B.champsimtrace.xz
9	:	1790009759.594	 17435.709	0	34699	0	0	./bin/champsim_goldencove_1c_ddr5 --warmup-instructions 200000000 --ramulator-stats results/1c/ddr5/ramulator/602.gcc_s-2226B.yaml --json results/1c/ddr5/champsim/602.gcc_s-2226B.json traces/602.gcc_s-2226B.champsimtrace.xz
24	:	1790009759.623	 17440.292	0	34732	0	0	./bin/champsim_goldencove_1c_ddr5 --warmup-instructions 200000000 --ramulator-stats results/1c/ddr5/ramulator/605.mcf_s-484B.yaml --json results/1c/ddr5/champsim/605.mcf_s-484B.json traces/605.mcf_s-484B.champsimtrace.xz
42	:	1790009759.671	 17478.818	0	34681	0	0	./bin/champsim_goldencove_1c_ddr5 --warmup-instructions 200000000 --ramulator-stats results/1c/ddr5/ramulator/623.xalancbmk_s-10B.yaml --json results/1c/ddr5/champsim/623.xalancbmk_s-10B.json traces/623.xalancbmk_s-10B.champsimtrace.xz
25	:	1790009759.625	 17876.168	0	34659	0	0	./bin/champsim_goldencove_1c_ddr5 --warmup-instructions 200000000 --ramulator-stats results/1c/ddr5/ramulator/605.mcf_s-665B.yaml --json results/1c/ddr5/champsim/605.mcf_s-665B.json traces/605.mcf_s-665B.champsimtrace.xz
72	:	1790020506.075	  7224.366	0	34250	0	0	./bin/champsim_goldencove_1c_ddr5 --warmup-instructions 200000000 --ramulator-stats results/1c/ddr5/ramulator/648.exchange2_s-1227B.yaml --json results/1c/ddr5/champsim/648.exchange2_s-1227B.json traces/648.exchange2_s-1227B.champsimtrace.xz
69	:	1790019886.430	  7868.805	0	34645	0	0	./bin/champsim_goldencove_1c_ddr5 --warmup-instructions 200000000 --ramulator-stats results/1c/ddr5/ramulator/644.nab_s-5853B.yaml --json results/1c/ddr5/champsim/644.nab_s-5853B.json traces/644.nab_s-5853B.champsimtrace.xz
73	:	1790020596.854	  7400.257	0	34244	0	0	./bin/champsim_goldencove_1c_ddr5 --warmup-instructions 200000000 --ramulator-stats results/1c/ddr5/ramulator/648.exchange2_s-1247B.yaml --json results/1c/ddr5/champsim/648.exchange2_s-1247B.json traces/648.exchange2_s-1247B.champsimtrace.xz
68	:	1790019533.385	  8498.503	0	34259	0	0	./bin/champsim_goldencove_1c_ddr5 --warmup-instructions 200000000 --ramulator-stats results/1c/ddr5/ramulator/644.nab_s-12521B.yaml --json results/1c/ddr5/champsim/644.nab_s-12521B.json traces/644.nab_s-12521B.champsimtrace.xz
74	:	1790020955.437	  7250.930	0	33441	0	0	./bin/champsim_goldencove_1c_ddr5 --warmup-instructions 200000000 --ramulator-stats results/1c/ddr5/ramulator/648.exchange2_s-1511B.yaml --json results/1c/ddr5/champsim/648.exchange2_s-1511B.json traces/648.exchange2_s-1511B.champsimtrace.xz
70	:	1790020160.360	  8081.917	0	34167	0	0	./bin/champsim_goldencove_1c_ddr5 --warmup-instructions 200000000 --ramulator-stats results/1c/ddr5/ramulator/644.nab_s-7928B.yaml --json results/1c/ddr5/champsim/644.nab_s-7928B.json traces/644.nab_s-7928B.champsimtrace.xz
71	:	1790020334.032	  7916.671	0	34206	0	0	./bin/champsim_goldencove_1c_ddr5 --warmup-instructions 200000000 --ramulator-stats results/1c/ddr5/ramulator/644.nab_s-9322B.yaml --json results/1c/ddr5/champsim/644.nab_s-9322B.json traces/644.nab_s-9322B.champsimtrace.xz
23	:	1790009759.621	 19181.092	0	34724	0	0	./bin/champsim_goldencove_1c_ddr5 --warmup-instructions 200000000 --ramulator-stats results/1c/ddr5/ramulator/605.mcf_s-472B.yaml --json results/1c/ddr5/champsim/605.mcf_s-472B.json traces/605.mcf_s-472B.champsimtrace.xz
75	:	1790021101.964	  7862.049	0	33458	0	0	./bin/champsim_goldencove_1c_ddr5 --warmup-instructions 200000000 --ramulator-stats results/1c/ddr5/ramulator/648.exchange2_s-1699B.yaml --json results/1c/ddr5/champsim/648.exchange2_s-1699B.json traces/648.exchange2_s-1699B.champsimtrace.xz
79	:	1790022364.769	  6686.138	0	33419	0	0	./bin/champsim_goldencove_1c_ddr5 --warmup-instructions 200000000 --ramulator-stats results/1c/ddr5/ramulator/648.exchange2_s-387B.yaml --json results/1c/ddr5/champsim/648.exchange2_s-387B.json traces/648.exchange2_s-387B.champsimtrace.xz
78	:	1790022059.956	  7526.829	0	34225	0	0	./bin/champsim_goldencove_1c_ddr5 --warmup-instructions 200000000 --ramulator-stats results/1c/ddr5/ramulator/648.exchange2_s-353B.yaml --json results/1c/ddr5/champsim/648.exchange2_s-353B.json traces/648.exchange2_s-353B.champsimtrace.xz
76	:	1790021960.658	  7670.551	0	34268	0	0	./bin/champsim_goldencove_1c_ddr5 --warmup-instructions 200000000 --ramulator-stats results/1c/ddr5/ramulator/648.exchange2_s-1712B.yaml --json results/1c/ddr5/champsim/648.exchange2_s-1712B.json traces/648.exchange2_s-1712B.champsimtrace.xz
77	:	1790022044.524	  7787.866	0	34240	0	0	./bin/champsim_goldencove_1c_ddr5 --warmup-instructions 200000000 --ramulator-stats results/1c/ddr5/ramulator/648.exchange2_s-210B.yaml --json results/1c/ddr5/champsim/648.exchange2_s-210B.json traces/648.exchange2_s-210B.champsimtrace.xz
80	:	1790022458.779	  7556.726	0	34225	0	0	./bin/champsim_goldencove_1c_ddr5 --warmup-instructions 200000000 --ramulator-stats results/1c/ddr5/ramulator/648.exchange2_s-584B.yaml --json results/1c/ddr5/champsim/648.exchange2_s-584B.json traces/648.exchange2_s-584B.champsimtrace.xz
88	:	1790025507.579	  5311.937	0	34171	0	0	./bin/champsim_goldencove_1c_ddr5 --warmup-instructions 200000000 --ramulator-stats results/1c/ddr5/ramulator/654.roms_s-1021B.yaml --json results/1c/ddr5/champsim/654.roms_s-1021B.json traces/654.roms_s-1021B.champsimtrace.xz
81	:	1790023711.150	  7447.754	0	34225	0	0	./bin/champsim_goldencove_1c_ddr5 --warmup-instructions 200000000 --ramulator-stats results/1c/ddr5/ramulator/648.exchange2_s-72B.yaml --json results/1c/ddr5/champsim/648.exchange2_s-72B.json traces/648.exchange2_s-72B.champsimtrace.xz
99	:	1790026457.818	  4764.552	0	34145	0	0	./bin/champsim_goldencove_1c_ddr5 --warmup-instructions 200000000 --ramulator-stats results/1c/ddr5/ramulator/657.xz_s-56B.yaml --json results/1c/ddr5/champsim/657.xz_s-56B.json traces/657.xz_s-56B.champsimtrace.xz
84	:	1790024655.420	  7240.871	0	34245	0	0	./bin/champsim_goldencove_1c_ddr5 --warmup-instructions 200000000 --ramulator-stats results/1c/ddr5/ramulator/649.fotonik3d_s-1B.yaml --json results/1c/ddr5/champsim/649.fotonik3d_s-1B.json traces/649.fotonik3d_s-1B.champsimtrace.xz
98	:	1790026372.671	  5890.868	0	34236	0	0	./bin/champsim_goldencove_1c_ddr5 --warmup-instructions 200000000 --ramulator-stats results/1c/ddr5/ramulator/657.xz_s-4994B.yaml --json results/1c/ddr5/champsim/657.xz_s-4994B.json traces/657.xz_s-4994B.champsimtrace.xz
97	:	1790026054.274	  7242.160	0	34278	0	0	./bin/champsim_goldencove_1c_ddr5 --warmup-instructions 200000000 --ramulator-stats results/1c/ddr5/ramulator/657.xz_s-3167B.yaml --json results/1c/ddr5/champsim/657.xz_s-3167B.json traces/657.xz_s-3167B.champsimtrace.xz
19	:	1790009759.612	 23863.322	0	34678	0	0	./bin/champsim_goldencove_1c_ddr5 --warmup-instructions 200000000 --ramulator-stats results/1c/ddr5/ramulator/605.mcf_s-1152B.yaml --json results/1c/ddr5/champsim/605.mcf_s-1152B.json traces/605.mcf_s-1152B.champsimtrace.xz
96	:	1790026036.319	  7856.374	0	34435	0	0	./bin/champsim_goldencove_1c_ddr5 --warmup-instructions 200000000 --ramulator-stats results/1c/ddr5/ramulator/657.xz_s-2302B.yaml --json results/1c/ddr5/champsim/657.xz_s-2302B.json traces/657.xz_s-2302B.champsimtrace.xz
111	:	1790028206.378	  6262.408	0	34888	0	0	./bin/champsim_goldencove_1c_ddr5_llc --warmup-instructions 200000000 --ramulator-stats results/1c/ddr5_llc/ramulator/603.bwaves_s-1080B.yaml --json results/1c/ddr5_llc/champsim/603.bwaves_s-1080B.json traces/603.bwaves_s-1080B.champsimtrace.xz
95	:	1790026014.145	  8492.441	0	34366	0	0	./bin/champsim_goldencove_1c_ddr5 --warmup-instructions 200000000 --ramulator-stats results/1c/ddr5/ramulator/654.roms_s-842B.yaml --json results/1c/ddr5/champsim/654.roms_s-842B.json traces/654.roms_s-842B.champsimtrace.xz
93	:	1790025938.162	  8745.934	0	34387	0	0	./bin/champsim_goldencove_1c_ddr5 --warmup-instructions 200000000 --ramulator-stats results/1c/ddr5/ramulator/654.roms_s-294B.yaml --json results/1c/ddr5/champsim/654.roms_s-294B.json traces/654.roms_s-294B.champsimtrace.xz
115	:	1790028964.019	  5884.004	0	34890	0	0	./bin/champsim_goldencove_1c_ddr5_llc --warmup-instructions 200000000 --ramulator-stats results/1c/ddr5_llc/ramulator/603.bwaves_s-3699B.yaml --json results/1c/ddr5_llc/champsim/603.bwaves_s-3699B.json traces/603.bwaves_s-3699B.champsimtrace.xz
116	:	1790029050.919	  5913.404	0	34910	0	0	./bin/champsim_goldencove_1c_ddr5_llc --warmup-instructions 200000000 --ramulator-stats results/1c/ddr5_llc/ramulator/603.bwaves_s-5359B.yaml --json results/1c/ddr5_llc/champsim/603.bwaves_s-5359B.json traces/603.bwaves_s-5359B.champsimtrace.xz
104	:	1790027199.922	  8384.430	0	34991	0	0	./bin/champsim_goldencove_1c_ddr5_llc --warmup-instructions 200000000 --ramulator-stats results/1c/ddr5_llc/ramulator/600.perlbench_s-1273B.yaml --json results/1c/ddr5_llc/champsim/600.perlbench_s-1273B.json traces/600.perlbench_s-1273B.champsimtrace.xz
105	:	1790027238.497	  8499.153	0	35033	0	0	./bin/champsim_goldencove_1c_ddr5_llc --warmup-instructions 200000000 --ramulator-stats results/1c/ddr5_llc/ramulator/600.perlbench_s-210B.yaml --json results/1c/ddr5_llc/champsim/600.perlbench_s-210B.json traces/600.perlbench_s-210B.champsimtrace.xz
110	:	1790028031.901	  7774.013	0	34946	0	0	./bin/champsim_goldencove_1c_ddr5_llc --warmup-instructions 200000000 --ramulator-stats results/1c/ddr5_llc/ramulator/602.gcc_s-734B.yaml --json results/1c/ddr5_llc/champsim/602.gcc_s-734B.json traces/602.gcc_s-734B.champsimtrace.xz
20	:	1790009759.614	 26279.246	0	34698	0	0	./bin/champsim_goldencove_1c_ddr5 --warmup-instructions 200000000 --ramulator-stats results/1c/ddr5/ramulator/605.mcf_s-1536B.yaml --json results/1c/ddr5/champsim/605.mcf_s-1536B.json traces/605.mcf_s-1536B.champsimtrace.xz
106	:	1790027635.802	  8470.026	0	34998	0	0	./bin/champsim_goldencove_1c_ddr5_llc --warmup-instructions 200000000 --ramulator-stats results/1c/ddr5_llc/ramulator/600.perlbench_s-570B.yaml --json results/1c/ddr5_llc/champsim/600.perlbench_s-570B.json traces/600.perlbench_s-570B.champsimtrace.xz
91	:	1790025809.985	 10323.058	0	34557	0	0	./bin/champsim_goldencove_1c_ddr5 --warmup-instructions 200000000 --ramulator-stats results/1c/ddr5/ramulator/654.roms_s-1613B.yaml --json results/1c/ddr5/champsim/654.roms_s-1613B.json traces/654.roms_s-1613B.champsimtrace.xz
87	:	1790025294.727	 11142.385	0	34593	0	0	./bin/champsim_goldencove_1c_ddr5 --warmup-instructions 200000000 --ramulator-stats results/1c/ddr5/ramulator/654.roms_s-1007B.yaml --json results/1c/ddr5/champsim/654.roms_s-1007B.json traces/654.roms_s-1007B.champsimtrace.xz
109	:	1790027997.117	  8470.656	0	35130	0	0	./bin/champsim_goldencove_1c_ddr5_llc --warmup-instructions 200000000 --ramulator-stats results/1c/ddr5_llc/ramulator/602.gcc_s-2375B.yaml --json results/1c/ddr5_llc/champsim/602.gcc_s-2375B.json traces/602.gcc_s-2375B.champsimtrace.xz
89	:	1790025554.363	 11278.958	0	34603	0	0	./bin/champsim_goldencove_1c_ddr5 --warmup-instructions 200000000 --ramulator-stats results/1c/ddr5/ramulator/654.roms_s-1070B.yaml --json results/1c/ddr5/champsim/654.roms_s-1070B.json traces/654.roms_s-1070B.champsimtrace.xz
92	:	1790025924.387	 10992.313	0	34543	0	0	./bin/champsim_goldencove_1c_ddr5 --warmup-instructions 200000000 --ramulator-stats results/1c/ddr5/ramulator/654.roms_s-293B.yaml --json results/1c/ddr5/champsim/654.roms_s-293B.json traces/654.roms_s-293B.champsimtrace.xz
85	:	1790025026.910	 12415.576	0	34423	0	0	./bin/champsim_goldencove_1c_ddr5 --warmup-instructions 200000000 --ramulator-stats results/1c/ddr5/ramulator/649.fotonik3d_s-7084B.yaml --json results/1c/ddr5/champsim/649.fotonik3d_s-7084B.json traces/649.fotonik3d_s-7084B.champsimtrace.xz
21	:	1790009759.617	 27960.186	0	34694	0	0	./bin/champsim_goldencove_1c_ddr5 --warmup-instructions 200000000 --ramulator-stats results/1c/ddr5/ramulator/605.mcf_s-1554B.yaml --json results/1c/ddr5/champsim/605.mcf_s-1554B.json traces/605.mcf_s-1554B.champsimtrace.xz
82	:	1790023857.203	 14308.983	0	34679	0	0	./bin/champsim_goldencove_1c_ddr5 --warmup-instructions 200000000 --ramulator-stats results/1c/ddr5/ramulator/649.fotonik3d_s-10881B.yaml --json results/1c/ddr5/champsim/649.fotonik3d_s-10881B.json traces/649.fotonik3d_s-10881B.champsimtrace.xz
83	:	1790024102.379	 14375.682	0	34691	0	0	./bin/champsim_goldencove_1c_ddr5 --warmup-instructions 200000000 --ramulator-stats results/1c/ddr5/ramulator/649.fotonik3d_s-1176B.yaml --json results/1c/ddr5/champsim/649.fotonik3d_s-1176B.json traces/649.fotonik3d_s-1176B.champsimtrace.xz
94	:	1790025973.501	 12509.710	0	34609	0	0	./bin/champsim_goldencove_1c_ddr5 --warmup-instructions 200000000 --ramulator-stats results/1c/ddr5/ramulator/654.roms_s-523B.yaml --json results/1c/ddr5/champsim/654.roms_s-523B.json traces/654.roms_s-523B.champsimtrace.xz
90	:	1790025749.973	 13105.603	0	34637	0	0	./bin/champsim_goldencove_1c_ddr5 --warmup-instructions 200000000 --ramulator-stats results/1c/ddr5/ramulator/654.roms_s-1390B.yaml --json results/1c/ddr5/champsim/654.roms_s-1390B.json traces/654.roms_s-1390B.champsimtrace.xz
86	:	1790025100.622	 13955.763	0	34665	0	0	./bin/champsim_goldencove_1c_ddr5 --warmup-instructions 200000000 --ramulator-stats results/1c/ddr5/ramulator/649.fotonik3d_s-8225B.yaml --json results/1c/ddr5/champsim/649.fotonik3d_s-8225B.json traces/649.fotonik3d_s-8225B.champsimtrace.xz
114	:	1790028940.724	 10173.868	0	35016	0	0	./bin/champsim_goldencove_1c_ddr5_llc --warmup-instructions 200000000 --ramulator-stats results/1c/ddr5_llc/ramulator/603.bwaves_s-2931B.yaml --json results/1c/ddr5_llc/champsim/603.bwaves_s-2931B.json traces/603.bwaves_s-2931B.champsimtrace.xz
107	:	1790027730.449	 12233.908	0	35387	0	0	./bin/champsim_goldencove_1c_ddr5_llc --warmup-instructions 200000000 --ramulator-stats results/1c/ddr5_llc/ramulator/602.gcc_s-1850B.yaml --json results/1c/ddr5_llc/champsim/602.gcc_s-1850B.json traces/602.gcc_s-1850B.champsimtrace.xz
130	:	1790034506.604	  5743.168	0	34829	0	0	./bin/champsim_goldencove_1c_ddr5_llc --warmup-instructions 200000000 --ramulator-stats results/1c/ddr5_llc/ramulator/607.cactuBSSN_s-4248B.yaml --json results/1c/ddr5_llc/champsim/607.cactuBSSN_s-4248B.json traces/607.cactuBSSN_s-4248B.champsimtrace.xz
112	:	1790028242.285	 12031.406	0	35388	0	0	./bin/champsim_goldencove_1c_ddr5_llc --warmup-instructions 200000000 --ramulator-stats results/1c/ddr5_llc/ramulator/603.bwaves_s-1740B.yaml --json results/1c/ddr5_llc/champsim/603.bwaves_s-1740B.json traces/603.bwaves_s-1740B.champsimtrace.xz
113	:	1790028250.709	 12069.917	0	35369	0	0	./bin/champsim_goldencove_1c_ddr5_llc --warmup-instructions 200000000 --ramulator-stats results/1c/ddr5_llc/ramulator/603.bwaves_s-2609B.yaml --json results/1c/ddr5_llc/champsim/603.bwaves_s-2609B.json traces/603.bwaves_s-2609B.champsimtrace.xz
117	:	1790029586.791	 11617.197	0	35370	0	0	./bin/champsim_goldencove_1c_ddr5_llc --warmup-instructions 200000000 --ramulator-stats results/1c/ddr5_llc/ramulator/603.bwaves_s-891B.yaml --json results/1c/ddr5_llc/champsim/603.bwaves_s-891B.json traces/603.bwaves_s-891B.champsimtrace.xz
127	:	1790033622.942	 10618.889	0	35018	0	0	./bin/champsim_goldencove_1c_ddr5_llc --warmup-instructions 200000000 --ramulator-stats results/1c/ddr5_llc/ramulator/607.cactuBSSN_s-2421B.yaml --json results/1c/ddr5_llc/champsim/607.cactuBSSN_s-2421B.json traces/607.cactuBSSN_s-2421B.champsimtrace.xz
138	:	1790036105.835	  8305.134	0	35035	0	0	./bin/champsim_goldencove_1c_ddr5_llc --warmup-instructions 200000000 --ramulator-stats results/1c/ddr5_llc/ramulator/621.wrf_s-6673B.yaml --json results/1c/ddr5_llc/champsim/621.wrf_s-6673B.json traces/621.wrf_s-6673B.champsimtrace.xz
139	:	1790036133.048	  8300.690	0	35016	0	0	./bin/champsim_goldencove_1c_ddr5_llc --warmup-instructions 200000000 --ramulator-stats results/1c/ddr5_llc/ramulator/621.wrf_s-8065B.yaml --json results/1c/ddr5_llc/champsim/621.wrf_s-8065B.json traces/621.wrf_s-8065B.champsimtrace.xz
137	:	1790036038.872	  8562.730	0	34990	0	0	./bin/champsim_goldencove_1c_ddr5_llc --warmup-instructions 200000000 --ramulator-stats results/1c/ddr5_llc/ramulator/621.wrf_s-575B.yaml --json results/1c/ddr5_llc/champsim/621.wrf_s-575B.json traces/621.wrf_s-575B.champsimtrace.xz
140	:	1790036437.119	  8312.041	0	35045	0	0	./bin/champsim_goldencove_1c_ddr5_llc --warmup-instructions 200000000 --ramulator-stats results/1c/ddr5_llc/ramulator/621.wrf_s-8100B.yaml --json results/1c/ddr5_llc/champsim/621.wrf_s-8100B.json traces/621.wrf_s-8100B.champsimtrace.xz
128	:	1790033892.698	 11174.006	0	35093	0	0	./bin/champsim_goldencove_1c_ddr5_llc --warmup-instructions 200000000 --ramulator-stats results/1c/ddr5_llc/ramulator/607.cactuBSSN_s-3477B.yaml --json results/1c/ddr5_llc/champsim/607.cactuBSSN_s-3477B.json traces/607.cactuBSSN_s-3477B.champsimtrace.xz
124	:	1790031896.297	 13219.927	0	35382	0	0	./bin/champsim_goldencove_1c_ddr5_llc --warmup-instructions 200000000 --ramulator-stats results/1c/ddr5_llc/ramulator/605.mcf_s-665B.yaml --json results/1c/ddr5_llc/champsim/605.mcf_s-665B.json traces/605.mcf_s-665B.champsimtrace.xz
121	:	1790030819.525	 14310.219	0	35504	0	0	./bin/champsim_goldencove_1c_ddr5_llc --warmup-instructions 200000000 --ramulator-stats results/1c/ddr5_llc/ramulator/605.mcf_s-1644B.yaml --json results/1c/ddr5_llc/champsim/605.mcf_s-1644B.json traces/605.mcf_s-1644B.champsimtrace.xz
147	:	1790038478.075	  6864.128	0	34940	0	0	./bin/champsim_goldencove_1c_ddr5_llc --warmup-instructions 200000000 --ramulator-stats results/1c/ddr5_llc/ramulator/625.x264_s-12B.yaml --json results/1c/ddr5_llc/champsim/625.x264_s-12B.json traces/625.x264_s-12B.champsimtrace.xz
148	:	1790038483.217	  6873.072	0	34953	0	0	./bin/champsim_goldencove_1c_ddr5_llc --warmup-instructions 200000000 --ramulator-stats results/1c/ddr5_llc/ramulator/625.x264_s-18B.yaml --json results/1c/ddr5_llc/champsim/625.x264_s-18B.json traces/625.x264_s-18B.champsimtrace.xz
142	:	1790036833.328	  8553.954	0	34971	0	0	./bin/champsim_goldencove_1c_ddr5_llc --warmup-instructions 200000000 --ramulator-stats results/1c/ddr5_llc/ramulator/623.xalancbmk_s-165B.yaml --json results/1c/ddr5_llc/champsim/623.xalancbmk_s-165B.json traces/623.xalancbmk_s-165B.champsimtrace.xz
143	:	1790036916.708	  8500.789	0	34980	0	0	./bin/champsim_goldencove_1c_ddr5_llc --warmup-instructions 200000000 --ramulator-stats results/1c/ddr5_llc/ramulator/623.xalancbmk_s-202B.yaml --json results/1c/ddr5_llc/champsim/623.xalancbmk_s-202B.json traces/623.xalancbmk_s-202B.champsimtrace.xz
156	:	1790041203.996	  4371.378	0	34636	0	0	./bin/champsim_goldencove_1c_ddr5_llc --warmup-instructions 200000000 --ramulator-stats results/1c/ddr5_llc/ramulator/638.imagick_s-10316B.yaml --json results/1c/ddr5_llc/champsim/638.imagick_s-10316B.json traces/638.imagick_s-10316B.champsimtrace.xz
129	:	1790034468.794	 11112.287	0	35037	0	0	./bin/champsim_goldencove_1c_ddr5_llc --warmup-instructions 200000000 --ramulator-stats results/1c/ddr5_llc/ramulator/607.cactuBSSN_s-4004B.yaml --json results/1c/ddr5_llc/champsim/607.cactuBSSN_s-4004B.json traces/607.cactuBSSN_s-4004B.champsimtrace.xz
149	:	1790038855.584	  6838.669	0	34959	0	0	./bin/champsim_goldencove_1c_ddr5_llc --warmup-instructions 200000000 --ramulator-stats results/1c/ddr5_llc/ramulator/625.x264_s-20B.yaml --json results/1c/ddr5_llc/champsim/625.x264_s-20B.json traces/625.x264_s-20B.champsimtrace.xz
150	:	1790039056.394	  6823.073	0	34940	0	0	./bin/champsim_goldencove_1c_ddr5_llc --warmup-instructions 200000000 --ramulator-stats results/1c/ddr5_llc/ramulator/625.x264_s-33B.yaml --json results/1c/ddr5_llc/champsim/625.x264_s-33B.json traces/625.x264_s-33B.champsimtrace.xz
151	:	1790039114.599	  6766.128	0	34938	0	0	./bin/champsim_goldencove_1c_ddr5_llc --warmup-instructions 200000000 --ramulator-stats results/1c/ddr5_llc/ramulator/625.x264_s-39B.yaml --json results/1c/ddr5_llc/champsim/625.x264_s-39B.json traces/625.x264_s-39B.champsimtrace.xz
118	:	1790029631.214	 16255.759	0	35403	0	0	./bin/champsim_goldencove_1c_ddr5_llc --warmup-instructions 200000000 --ramulator-stats results/1c/ddr5_llc/ramulator/605.mcf_s-1152B.yaml --json results/1c/ddr5_llc/champsim/605.mcf_s-1152B.json traces/605.mcf_s-1152B.champsimtrace.xz
144	:	1790037442.493	  9179.253	0	35104	0	0	./bin/champsim_goldencove_1c_ddr5_llc --warmup-instructions 200000000 --ramulator-stats results/1c/ddr5_llc/ramulator/623.xalancbmk_s-325B.yaml --json results/1c/ddr5_llc/champsim/623.xalancbmk_s-325B.json traces/623.xalancbmk_s-325B.champsimtrace.xz
153	:	1790040249.779	  6405.227	0	34923	0	0	./bin/champsim_goldencove_1c_ddr5_llc --warmup-instructions 200000000 --ramulator-stats results/1c/ddr5_llc/ramulator/627.cam4_s-573B.yaml --json results/1c/ddr5_llc/champsim/627.cam4_s-573B.json traces/627.cam4_s-573B.champsimtrace.xz
145	:	1790037719.814	  9431.313	0	35088	0	0	./bin/champsim_goldencove_1c_ddr5_llc --warmup-instructions 200000000 --ramulator-stats results/1c/ddr5_llc/ramulator/623.xalancbmk_s-592B.yaml --json results/1c/ddr5_llc/champsim/623.xalancbmk_s-592B.json traces/623.xalancbmk_s-592B.champsimtrace.xz
131	:	1790034684.106	 12803.952	0	35378	0	0	./bin/champsim_goldencove_1c_ddr5_llc --warmup-instructions 200000000 --ramulator-stats results/1c/ddr5_llc/ramulator/619.lbm_s-2676B.yaml --json results/1c/ddr5_llc/champsim/619.lbm_s-2676B.json traces/619.lbm_s-2676B.champsimtrace.xz
154	:	1790040273.697	  7324.743	0	34974	0	0	./bin/champsim_goldencove_1c_ddr5_llc --warmup-instructions 200000000 --ramulator-stats results/1c/ddr5_llc/ramulator/628.pop2_s-17B.yaml --json results/1c/ddr5_llc/champsim/628.pop2_s-17B.json traces/628.pop2_s-17B.champsimtrace.xz
119	:	1790029832.396	 17772.603	0	35438	0	0	./bin/champsim_goldencove_1c_ddr5_llc --warmup-instructions 200000000 --ramulator-stats results/1c/ddr5_llc/ramulator/605.mcf_s-1536B.yaml --json results/1c/ddr5_llc/champsim/605.mcf_s-1536B.json traces/605.mcf_s-1536B.champsimtrace.xz
120	:	1790030015.511	 17989.465	0	35422	0	0	./bin/champsim_goldencove_1c_ddr5_llc --warmup-instructions 200000000 --ramulator-stats results/1c/ddr5_llc/ramulator/605.mcf_s-1554B.yaml --json results/1c/ddr5_llc/champsim/605.mcf_s-1554B.json traces/605.mcf_s-1554B.champsimtrace.xz
152	:	1790039964.364	  8063.717	0	35003	0	0	./bin/champsim_goldencove_1c_ddr5_llc --warmup-instructions 200000000 --ramulator-stats results/1c/ddr5_llc/ramulator/627.cam4_s-490B.yaml --json results/1c/ddr5_llc/champsim/627.cam4_s-490B.json traces/627.cam4_s-490B.champsimtrace.xz
146	:	1790038166.193	  9914.041	0	35271	0	0	./bin/champsim_goldencove_1c_ddr5_llc --warmup-instructions 200000000 --ramulator-stats results/1c/ddr5_llc/ramulator/623.xalancbmk_s-700B.yaml --json results/1c/ddr5_llc/champsim/623.xalancbmk_s-700B.json traces/623.xalancbmk_s-700B.champsimtrace.xz
136	:	1790035805.921	 12330.582	0	35396	0	0	./bin/champsim_goldencove_1c_ddr5_llc --warmup-instructions 200000000 --ramulator-stats results/1c/ddr5_llc/ramulator/620.omnetpp_s-874B.yaml --json results/1c/ddr5_llc/champsim/620.omnetpp_s-874B.json traces/620.omnetpp_s-874B.champsimtrace.xz
141	:	1790036467.779	 11691.191	0	35385	0	0	./bin/champsim_goldencove_1c_ddr5_llc --warmup-instructions 200000000 --ramulator-stats results/1c/ddr5_llc/ramulator/623.xalancbmk_s-10B.yaml --json results/1c/ddr5_llc/champsim/623.xalancbmk_s-10B.json traces/623.xalancbmk_s-10B.champsimtrace.xz
126	:	1790033296.442	 15002.134	0	35401	0	0	./bin/champsim_goldencove_1c_ddr5_llc --warmup-instructions 200000000 --ramulator-stats results/1c/ddr5_llc/ramulator/605.mcf_s-994B.yaml --json results/1c/ddr5_llc/champsim/605.mcf_s-994B.json traces/605.mcf_s-994B.champsimtrace.xz
132	:	1790034848.031	 13459.244	0	35371	0	0	./bin/champsim_goldencove_1c_ddr5_llc --warmup-instructions 200000000 --ramulator-stats results/1c/ddr5_llc/ramulator/619.lbm_s-2677B.yaml --json results/1c/ddr5_llc/champsim/619.lbm_s-2677B.json traces/619.lbm_s-2677B.champsimtrace.xz
135	:	1790035737.656	 12585.687	0	35383	0	0	./bin/champsim_goldencove_1c_ddr5_llc --warmup-instructions 200000000 --ramulator-stats results/1c/ddr5_llc/ramulator/620.omnetpp_s-141B.yaml --json results/1c/ddr5_llc/champsim/620.omnetpp_s-141B.json traces/620.omnetpp_s-141B.champsimtrace.xz
122	:	1790031158.912	 17257.197	0	35447	0	0	./bin/champsim_goldencove_1c_ddr5_llc --warmup-instructions 200000000 --ramulator-stats results/1c/ddr5_llc/ramulator/605.mcf_s-472B.yaml --json results/1c/ddr5_llc/champsim/605.mcf_s-472B.json traces/605.mcf_s-472B.champsimtrace.xz
134	:	1790035584.359	 12899.023	0	35375	0	0	./bin/champsim_goldencove_1c_ddr5_llc --warmup-instructions 200000000 --ramulator-stats results/1c/ddr5_llc/ramulator/619.lbm_s-4268B.yaml --json results/1c/ddr5_llc/champsim/619.lbm_s-4268B.json traces/619.lbm_s-4268B.champsimtrace.xz
155	:	1790040320.633	  8509.762	0	34988	0	0	./bin/champsim_goldencove_1c_ddr5_llc --warmup-instructions 200000000 --ramulator-stats results/1c/ddr5_llc/ramulator/631.deepsjeng_s-928B.yaml --json results/1c/ddr5_llc/champsim/631.deepsjeng_s-928B.json traces/631.deepsjeng_s-928B.champsimtrace.xz
133	:	1790034964.328	 14192.254	0	35355	0	0	./bin/champsim_goldencove_1c_ddr5_llc --warmup-instructions 200000000 --ramulator-stats results/1c/ddr5_llc/ramulator/619.lbm_s-3766B.yaml --json results/1c/ddr5_llc/champsim/619.lbm_s-3766B.json traces/619.lbm_s-3766B.champsimtrace.xz
123	:	1790031222.378	 19597.161	0	35465	0	0	./bin/champsim_goldencove_1c_ddr5_llc --warmup-instructions 200000000 --ramulator-stats results/1c/ddr5_llc/ramulator/605.mcf_s-484B.yaml --json results/1c/ddr5_llc/champsim/605.mcf_s-484B.json traces/605.mcf_s-484B.champsimtrace.xz
157	:	1790044241.841	  6914.034	0	34997	0	0	./bin/champsim_goldencove_1c_ddr5_llc --warmup-instructions 200000000 --ramulator-stats results/1c/ddr5_llc/ramulator/638.imagick_s-4128B.yaml --json results/1c/ddr5_llc/champsim/638.imagick_s-4128B.json traces/638.imagick_s-4128B.champsimtrace.xz
158	:	1790044410.976	  7371.440	0	34923	0	0	./bin/champsim_goldencove_1c_ddr5_llc --warmup-instructions 200000000 --ramulator-stats results/1c/ddr5_llc/ramulator/638.imagick_s-824B.yaml --json results/1c/ddr5_llc/champsim/638.imagick_s-824B.json traces/638.imagick_s-824B.champsimtrace.xz
166	:	1790045356.299	  6780.345	0	34925	0	0	./bin/champsim_goldencove_1c_ddr5_llc --warmup-instructions 200000000 --ramulator-stats results/1c/ddr5_llc/ramulator/644.nab_s-12459B.yaml --json results/1c/ddr5_llc/champsim/644.nab_s-12459B.json traces/644.nab_s-12459B.champsimtrace.xz
159	:	1790044433.747	  7774.250	0	35000	0	0	./bin/champsim_goldencove_1c_ddr5_llc --warmup-instructions 200000000 --ramulator-stats results/1c/ddr5_llc/ramulator/641.leela_s-1052B.yaml --json results/1c/ddr5_llc/champsim/641.leela_s-1052B.json traces/641.leela_s-1052B.champsimtrace.xz
161	:	1790044749.166	  7674.499	0	34928	0	0	./bin/champsim_goldencove_1c_ddr5_llc --warmup-instructions 200000000 --ramulator-stats results/1c/ddr5_llc/ramulator/641.leela_s-149B.yaml --json results/1c/ddr5_llc/champsim/641.leela_s-149B.json traces/641.leela_s-149B.champsimtrace.xz
160	:	1790044601.610	  7847.678	0	35040	0	0	./bin/champsim_goldencove_1c_ddr5_llc --warmup-instructions 200000000 --ramulator-stats results/1c/ddr5_llc/ramulator/641.leela_s-1083B.yaml --json results/1c/ddr5_llc/champsim/641.leela_s-1083B.json traces/641.leela_s-1083B.champsimtrace.xz
164	:	1790045129.752	  7572.069	0	35004	0	0	./bin/champsim_goldencove_1c_ddr5_llc --warmup-instructions 200000000 --ramulator-stats results/1c/ddr5_llc/ramulator/641.leela_s-800B.yaml --json results/1c/ddr5_llc/champsim/641.leela_s-800B.json traces/641.leela_s-800B.champsimtrace.xz
163	:	1790045116.230	  7813.881	0	35011	0	0	./bin/champsim_goldencove_1c_ddr5_llc --warmup-instructions 200000000 --ramulator-stats results/1c/ddr5_llc/ramulator/641.leela_s-602B.yaml --json results/1c/ddr5_llc/champsim/641.leela_s-602B.json traces/641.leela_s-602B.champsimtrace.xz
162	:	1790045066.709	  7900.577	0	35017	0	0	./bin/champsim_goldencove_1c_ddr5_llc --warmup-instructions 200000000 --ramulator-stats results/1c/ddr5_llc/ramulator/641.leela_s-334B.yaml --json results/1c/ddr5_llc/champsim/641.leela_s-334B.json traces/641.leela_s-334B.champsimtrace.xz
165	:	1790045342.237	  7691.819	0	35004	0	0	./bin/champsim_goldencove_1c_ddr5_llc --warmup-instructions 200000000 --ramulator-stats results/1c/ddr5_llc/ramulator/641.leela_s-862B.yaml --json results/1c/ddr5_llc/champsim/641.leela_s-862B.json traces/641.leela_s-862B.champsimtrace.xz
171	:	1790045694.261	  7481.899	0	34980	0	0	./bin/champsim_goldencove_1c_ddr5_llc --warmup-instructions 200000000 --ramulator-stats results/1c/ddr5_llc/ramulator/648.exchange2_s-1227B.yaml --json results/1c/ddr5_llc/champsim/648.exchange2_s-1227B.json traces/648.exchange2_s-1227B.champsimtrace.xz
108	:	1790027755.241	 25492.693	0	35435	0	0	./bin/champsim_goldencove_1c_ddr5_llc --warmup-instructions 200000000 --ramulator-stats results/1c/ddr5_llc/ramulator/602.gcc_s-2226B.yaml --json results/1c/ddr5_llc/champsim/602.gcc_s-2226B.json traces/602.gcc_s-2226B.champsimtrace.xz
173	:	1790045880.734	  7565.342	0	34173	0	0	./bin/champsim_goldencove_1c_ddr5_llc --warmup-instructions 200000000 --ramulator-stats results/1c/ddr5_llc/ramulator/648.exchange2_s-1511B.yaml --json results/1c/ddr5_llc/champsim/648.exchange2_s-1511B.json traces/648.exchange2_s-1511B.champsimtrace.xz
172	:	1790045879.476	  7609.017	0	34975	0	0	./bin/champsim_goldencove_1c_ddr5_llc --warmup-instructions 200000000 --ramulator-stats results/1c/ddr5_llc/ramulator/648.exchange2_s-1247B.yaml --json results/1c/ddr5_llc/champsim/648.exchange2_s-1247B.json traces/648.exchange2_s-1247B.champsimtrace.xz
168	:	1790045417.503	  8220.289	0	35310	0	0	./bin/champsim_goldencove_1c_ddr5_llc --warmup-instructions 200000000 --ramulator-stats results/1c/ddr5_llc/ramulator/644.nab_s-5853B.yaml --json results/1c/ddr5_llc/champsim/644.nab_s-5853B.json traces/644.nab_s-5853B.champsimtrace.xz
170	:	1790045581.088	  8281.934	0	34912	0	0	./bin/champsim_goldencove_1c_ddr5_llc --warmup-instructions 200000000 --ramulator-stats results/1c/ddr5_llc/ramulator/644.nab_s-9322B.yaml --json results/1c/ddr5_llc/champsim/644.nab_s-9322B.json traces/644.nab_s-9322B.champsimtrace.xz
169	:	1790045575.382	  8304.572	0	34851	0	0	./bin/champsim_goldencove_1c_ddr5_llc --warmup-instructions 200000000 --ramulator-stats results/1c/ddr5_llc/ramulator/644.nab_s-7928B.yaml --json results/1c/ddr5_llc/champsim/644.nab_s-7928B.json traces/644.nab_s-7928B.champsimtrace.xz
187	:	1790048307.281	  5653.622	0	34903	0	0	./bin/champsim_goldencove_1c_ddr5_llc --warmup-instructions 200000000 --ramulator-stats results/1c/ddr5_llc/ramulator/654.roms_s-1021B.yaml --json results/1c/ddr5_llc/champsim/654.roms_s-1021B.json traces/654.roms_s-1021B.champsimtrace.xz
174	:	1790045886.981	  8108.062	0	34190	0	0	./bin/champsim_goldencove_1c_ddr5_llc --warmup-instructions 200000000 --ramulator-stats results/1c/ddr5_llc/ramulator/648.exchange2_s-1699B.yaml --json results/1c/ddr5_llc/champsim/648.exchange2_s-1699B.json traces/648.exchange2_s-1699B.champsimtrace.xz
167	:	1790045387.292	  8761.378	0	34988	0	0	./bin/champsim_goldencove_1c_ddr5_llc --warmup-instructions 200000000 --ramulator-stats results/1c/ddr5_llc/ramulator/644.nab_s-12521B.yaml --json results/1c/ddr5_llc/champsim/644.nab_s-12521B.json traces/644.nab_s-12521B.champsimtrace.xz
178	:	1790047488.063	  6916.604	0	34151	0	0	./bin/champsim_goldencove_1c_ddr5_llc --warmup-instructions 200000000 --ramulator-stats results/1c/ddr5_llc/ramulator/648.exchange2_s-387B.yaml --json results/1c/ddr5_llc/champsim/648.exchange2_s-387B.json traces/648.exchange2_s-387B.champsimtrace.xz
175	:	1790046621.753	  8061.059	0	34998	0	0	./bin/champsim_goldencove_1c_ddr5_llc --warmup-instructions 200000000 --ramulator-stats results/1c/ddr5_llc/ramulator/648.exchange2_s-1712B.yaml --json results/1c/ddr5_llc/champsim/648.exchange2_s-1712B.json traces/648.exchange2_s-1712B.champsimtrace.xz
176	:	1790046655.016	  8123.319	0	34975	0	0	./bin/champsim_goldencove_1c_ddr5_llc --warmup-instructions 200000000 --ramulator-stats results/1c/ddr5_llc/ramulator/648.exchange2_s-210B.yaml --json results/1c/ddr5_llc/champsim/648.exchange2_s-210B.json traces/648.exchange2_s-210B.champsimtrace.xz
177	:	1790047151.132	  7773.068	0	34961	0	0	./bin/champsim_goldencove_1c_ddr5_llc --warmup-instructions 200000000 --ramulator-stats results/1c/ddr5_llc/ramulator/648.exchange2_s-353B.yaml --json results/1c/ddr5_llc/champsim/648.exchange2_s-353B.json traces/648.exchange2_s-353B.champsimtrace.xz
180	:	1790047605.009	  7691.529	0	34961	0	0	./bin/champsim_goldencove_1c_ddr5_llc --warmup-instructions 200000000 --ramulator-stats results/1c/ddr5_llc/ramulator/648.exchange2_s-72B.yaml --json results/1c/ddr5_llc/champsim/648.exchange2_s-72B.json traces/648.exchange2_s-72B.champsimtrace.xz
179	:	1790047598.446	  7855.339	0	34957	0	0	./bin/champsim_goldencove_1c_ddr5_llc --warmup-instructions 200000000 --ramulator-stats results/1c/ddr5_llc/ramulator/648.exchange2_s-584B.yaml --json results/1c/ddr5_llc/champsim/648.exchange2_s-584B.json traces/648.exchange2_s-584B.champsimtrace.xz
183	:	1790048080.242	  7480.244	0	34975	0	0	./bin/champsim_goldencove_1c_ddr5_llc --warmup-instructions 200000000 --ramulator-stats results/1c/ddr5_llc/ramulator/649.fotonik3d_s-1B.yaml --json results/1c/ddr5_llc/champsim/649.fotonik3d_s-1B.json traces/649.fotonik3d_s-1B.champsimtrace.xz
26	:	1790009759.627	 47047.801	0	35135	0	0	./bin/champsim_goldencove_1c_ddr5 --warmup-instructions 200000000 --ramulator-stats results/1c/ddr5/ramulator/605.mcf_s-782B.yaml --json results/1c/ddr5/champsim/605.mcf_s-782B.json traces/605.mcf_s-782B.champsimtrace.xz
198	:	1790052423.671	  4947.302	0	34876	0	0	./bin/champsim_goldencove_1c_ddr5_llc --warmup-instructions 200000000 --ramulator-stats results/1c/ddr5_llc/ramulator/657.xz_s-56B.yaml --json results/1c/ddr5_llc/champsim/657.xz_s-56B.json traces/657.xz_s-56B.champsimtrace.xz
190	:	1790048483.388	  9417.846	0	35160	0	0	./bin/champsim_goldencove_1c_ddr5_llc --warmup-instructions 200000000 --ramulator-stats results/1c/ddr5_llc/ramulator/654.roms_s-1613B.yaml --json results/1c/ddr5_llc/champsim/654.roms_s-1613B.json traces/654.roms_s-1613B.champsimtrace.xz
197	:	1790052208.006	  6113.407	0	34951	0	0	./bin/champsim_goldencove_1c_ddr5_llc --warmup-instructions 200000000 --ramulator-stats results/1c/ddr5_llc/ramulator/657.xz_s-4994B.yaml --json results/1c/ddr5_llc/champsim/657.xz_s-4994B.json traces/657.xz_s-4994B.champsimtrace.xz
192	:	1790049156.592	  9247.953	0	35126	0	0	./bin/champsim_goldencove_1c_ddr5_llc --warmup-instructions 200000000 --ramulator-stats results/1c/ddr5_llc/ramulator/654.roms_s-294B.yaml --json results/1c/ddr5_llc/champsim/654.roms_s-294B.json traces/654.roms_s-294B.champsimtrace.xz
195	:	1790051782.425	  6983.684	0	34983	0	0	./bin/champsim_goldencove_1c_ddr5_llc --warmup-instructions 200000000 --ramulator-stats results/1c/ddr5_llc/ramulator/657.xz_s-2302B.yaml --json results/1c/ddr5_llc/champsim/657.xz_s-2302B.json traces/657.xz_s-2302B.champsimtrace.xz
196	:	1790052136.651	  6845.516	0	34963	0	0	./bin/champsim_goldencove_1c_ddr5_llc --warmup-instructions 200000000 --ramulator-stats results/1c/ddr5_llc/ramulator/657.xz_s-3167B.yaml --json results/1c/ddr5_llc/champsim/657.xz_s-3167B.json traces/657.xz_s-3167B.champsimtrace.xz
194	:	1790051155.887	  7909.256	0	35009	0	0	./bin/champsim_goldencove_1c_ddr5_llc --warmup-instructions 200000000 --ramulator-stats results/1c/ddr5_llc/ramulator/654.roms_s-842B.yaml --json results/1c/ddr5_llc/champsim/654.roms_s-842B.json traces/654.roms_s-842B.champsimtrace.xz
188	:	1790048323.349	 11130.815	0	35302	0	0	./bin/champsim_goldencove_1c_ddr5_llc --warmup-instructions 200000000 --ramulator-stats results/1c/ddr5_llc/ramulator/654.roms_s-1070B.yaml --json results/1c/ddr5_llc/champsim/654.roms_s-1070B.json traces/654.roms_s-1070B.champsimtrace.xz
186	:	1790048298.583	 11416.009	0	35310	0	0	./bin/champsim_goldencove_1c_ddr5_llc --warmup-instructions 200000000 --ramulator-stats results/1c/ddr5_llc/ramulator/654.roms_s-1007B.yaml --json results/1c/ddr5_llc/champsim/654.roms_s-1007B.json traces/654.roms_s-1007B.champsimtrace.xz
210	:	1790053879.962	  6094.326	0	34176	0	0	./bin/champsim_goldencove_1c_hbm1 --warmup-instructions 200000000 --ramulator-stats results/1c/hbm1/ramulator/603.bwaves_s-1080B.yaml --json results/1c/hbm1/champsim/603.bwaves_s-1080B.json traces/603.bwaves_s-1080B.champsimtrace.xz
214	:	1790054404.673	  5745.292	0	34151	0	0	./bin/champsim_goldencove_1c_hbm1 --warmup-instructions 200000000 --ramulator-stats results/1c/hbm1/ramulator/603.bwaves_s-3699B.yaml --json results/1c/hbm1/champsim/603.bwaves_s-3699B.json traces/603.bwaves_s-3699B.champsimtrace.xz
215	:	1790054682.821	  5630.571	0	34173	0	0	./bin/champsim_goldencove_1c_hbm1 --warmup-instructions 200000000 --ramulator-stats results/1c/hbm1/ramulator/603.bwaves_s-5359B.yaml --json results/1c/hbm1/champsim/603.bwaves_s-5359B.json traces/603.bwaves_s-5359B.champsimtrace.xz
125	:	1790032263.547	 28088.649	0	35419	0	0	./bin/champsim_goldencove_1c_ddr5_llc --warmup-instructions 200000000 --ramulator-stats results/1c/ddr5_llc/ramulator/605.mcf_s-782B.yaml --json results/1c/ddr5_llc/champsim/605.mcf_s-782B.json traces/605.mcf_s-782B.champsimtrace.xz
191	:	1790048830.400	 11565.921	0	35286	0	0	./bin/champsim_goldencove_1c_ddr5_llc --warmup-instructions 200000000 --ramulator-stats results/1c/ddr5_llc/ramulator/654.roms_s-293B.yaml --json results/1c/ddr5_llc/champsim/654.roms_s-293B.json traces/654.roms_s-293B.champsimtrace.xz
189	:	1790048416.118	 12357.250	0	35340	0	0	./bin/champsim_goldencove_1c_ddr5_llc --warmup-instructions 200000000 --ramulator-stats results/1c/ddr5_llc/ramulator/654.roms_s-1390B.yaml --json results/1c/ddr5_llc/champsim/654.roms_s-1390B.json traces/654.roms_s-1390B.champsimtrace.xz
184	:	1790048136.513	 13136.009	0	35149	0	0	./bin/champsim_goldencove_1c_ddr5_llc --warmup-instructions 200000000 --ramulator-stats results/1c/ddr5_llc/ramulator/649.fotonik3d_s-7084B.yaml --json results/1c/ddr5_llc/champsim/649.fotonik3d_s-7084B.json traces/649.fotonik3d_s-7084B.champsimtrace.xz
203	:	1790053034.067	  8277.035	0	34286	0	0	./bin/champsim_goldencove_1c_hbm1 --warmup-instructions 200000000 --ramulator-stats results/1c/hbm1/ramulator/600.perlbench_s-1273B.yaml --json results/1c/hbm1/champsim/600.perlbench_s-1273B.json traces/600.perlbench_s-1273B.champsimtrace.xz
204	:	1790053176.166	  8320.982	0	34306	0	0	./bin/champsim_goldencove_1c_hbm1 --warmup-instructions 200000000 --ramulator-stats results/1c/hbm1/ramulator/600.perlbench_s-210B.yaml --json results/1c/hbm1/champsim/600.perlbench_s-210B.json traces/600.perlbench_s-210B.champsimtrace.xz
205	:	1790053247.945	  8358.172	0	34293	0	0	./bin/champsim_goldencove_1c_hbm1 --warmup-instructions 200000000 --ramulator-stats results/1c/hbm1/ramulator/600.perlbench_s-570B.yaml --json results/1c/hbm1/champsim/600.perlbench_s-570B.json traces/600.perlbench_s-570B.champsimtrace.xz
4	:	1790009759.586	 52196.097	0	225215	0	0	./bin/champsim_goldencove_8c_ddr5 --warmup-instructions 200000000 --ramulator-stats results/8c/ddr5/ramulator/random.yaml --json results/8c/ddr5/champsim/random.json traces/657.xz_s-3167B.champsimtrace.xz traces/605.mcf_s-1152B.champsimtrace.xz traces/605.mcf_s-665B.champsimtrace.xz traces/605.mcf_s-472B.champsimtrace.xz traces/641.leela_s-800B.champsimtrace.xz traces/607.cactuBSSN_s-4004B.champsimtrace.xz traces/648.exchange2_s-1227B.champsimtrace.xz traces/600.perlbench_s-1273B.champsimtrace.xz
208	:	1790053637.800	  8456.513	0	34595	0	0	./bin/champsim_goldencove_1c_hbm1 --warmup-instructions 200000000 --ramulator-stats results/1c/hbm1/ramulator/602.gcc_s-2375B.yaml --json results/1c/hbm1/champsim/602.gcc_s-2375B.json traces/602.gcc_s-2375B.champsimtrace.xz
209	:	1790053863.029	  8313.838	0	34245	0	0	./bin/champsim_goldencove_1c_hbm1 --warmup-instructions 200000000 --ramulator-stats results/1c/hbm1/ramulator/602.gcc_s-734B.yaml --json results/1c/hbm1/champsim/602.gcc_s-734B.json traces/602.gcc_s-734B.champsimtrace.xz
181	:	1790048004.982	 15082.731	0	35407	0	0	./bin/champsim_goldencove_1c_ddr5_llc --warmup-instructions 200000000 --ramulator-stats results/1c/ddr5_llc/ramulator/649.fotonik3d_s-10881B.yaml --json results/1c/ddr5_llc/champsim/649.fotonik3d_s-10881B.json traces/649.fotonik3d_s-10881B.champsimtrace.xz
193	:	1790050819.547	 12437.960	0	35307	0	0	./bin/champsim_goldencove_1c_ddr5_llc --warmup-instructions 200000000 --ramulator-stats results/1c/ddr5_llc/ramulator/654.roms_s-523B.yaml --json results/1c/ddr5_llc/champsim/654.roms_s-523B.json traces/654.roms_s-523B.champsimtrace.xz
206	:	1790053446.083	 10525.447	0	34591	0	0	./bin/champsim_goldencove_1c_hbm1 --warmup-instructions 200000000 --ramulator-stats results/1c/hbm1/ramulator/602.gcc_s-1850B.yaml --json results/1c/hbm1/champsim/602.gcc_s-1850B.json traces/602.gcc_s-1850B.champsimtrace.xz
213	:	1790054148.676	  9887.804	0	34271	0	0	./bin/champsim_goldencove_1c_hbm1 --warmup-instructions 200000000 --ramulator-stats results/1c/hbm1/ramulator/603.bwaves_s-2931B.yaml --json results/1c/hbm1/champsim/603.bwaves_s-2931B.json traces/603.bwaves_s-2931B.champsimtrace.xz
229	:	1790059454.170	  5638.138	0	34169	0	0	./bin/champsim_goldencove_1c_hbm1 --warmup-instructions 200000000 --ramulator-stats results/1c/hbm1/ramulator/607.cactuBSSN_s-4248B.yaml --json results/1c/hbm1/champsim/607.cactuBSSN_s-4248B.json traces/607.cactuBSSN_s-4248B.champsimtrace.xz
216	:	1790054778.344	 10959.003	0	34547	0	0	./bin/champsim_goldencove_1c_hbm1 --warmup-instructions 200000000 --ramulator-stats results/1c/hbm1/ramulator/603.bwaves_s-891B.yaml --json results/1c/hbm1/champsim/603.bwaves_s-891B.json traces/603.bwaves_s-891B.champsimtrace.xz
211	:	1790053960.915	 12326.090	0	34648	0	0	./bin/champsim_goldencove_1c_hbm1 --warmup-instructions 200000000 --ramulator-stats results/1c/hbm1/ramulator/603.bwaves_s-1740B.yaml --json results/1c/hbm1/champsim/603.bwaves_s-1740B.json traces/603.bwaves_s-1740B.champsimtrace.xz
212	:	1790053995.050	 12357.620	0	34637	0	0	./bin/champsim_goldencove_1c_hbm1 --warmup-instructions 200000000 --ramulator-stats results/1c/hbm1/ramulator/603.bwaves_s-2609B.yaml --json results/1c/hbm1/champsim/603.bwaves_s-2609B.json traces/603.bwaves_s-2609B.champsimtrace.xz
182	:	1790048028.086	 19851.068	0	35433	0	0	./bin/champsim_goldencove_1c_ddr5_llc --warmup-instructions 200000000 --ramulator-stats results/1c/ddr5_llc/ramulator/649.fotonik3d_s-1176B.yaml --json results/1c/ddr5_llc/champsim/649.fotonik3d_s-1176B.json traces/649.fotonik3d_s-1176B.champsimtrace.xz
185	:	1790048158.980	 20005.017	0	35411	0	0	./bin/champsim_goldencove_1c_ddr5_llc --warmup-instructions 200000000 --ramulator-stats results/1c/ddr5_llc/ramulator/649.fotonik3d_s-8225B.yaml --json results/1c/ddr5_llc/champsim/649.fotonik3d_s-8225B.json traces/649.fotonik3d_s-8225B.champsimtrace.xz
226	:	1790058766.116	 10646.134	0	34287	0	0	./bin/champsim_goldencove_1c_hbm1 --warmup-instructions 200000000 --ramulator-stats results/1c/hbm1/ramulator/607.cactuBSSN_s-2421B.yaml --json results/1c/hbm1/champsim/607.cactuBSSN_s-2421B.json traces/607.cactuBSSN_s-2421B.champsimtrace.xz
236	:	1790060773.376	  9093.105	0	34423	0	0	./bin/champsim_goldencove_1c_hbm1 --warmup-instructions 200000000 --ramulator-stats results/1c/hbm1/ramulator/621.wrf_s-575B.yaml --json results/1c/hbm1/champsim/621.wrf_s-575B.json traces/621.wrf_s-575B.champsimtrace.xz
237	:	1790061272.529	  8620.912	0	34480	0	0	./bin/champsim_goldencove_1c_hbm1 --warmup-instructions 200000000 --ramulator-stats results/1c/hbm1/ramulator/621.wrf_s-6673B.yaml --json results/1c/hbm1/champsim/621.wrf_s-6673B.json traces/621.wrf_s-6673B.champsimtrace.xz
228	:	1790059065.152	 10867.248	0	34301	0	0	./bin/champsim_goldencove_1c_hbm1 --warmup-instructions 200000000 --ramulator-stats results/1c/hbm1/ramulator/607.cactuBSSN_s-4004B.yaml --json results/1c/hbm1/champsim/607.cactuBSSN_s-4004B.json traces/607.cactuBSSN_s-4004B.champsimtrace.xz
227	:	1790058982.173	 11029.806	0	34387	0	0	./bin/champsim_goldencove_1c_hbm1 --warmup-instructions 200000000 --ramulator-stats results/1c/hbm1/ramulator/607.cactuBSSN_s-3477B.yaml --json results/1c/hbm1/champsim/607.cactuBSSN_s-3477B.json traces/607.cactuBSSN_s-3477B.champsimtrace.xz
239	:	1790061497.155	  8617.848	0	34345	0	0	./bin/champsim_goldencove_1c_hbm1 --warmup-instructions 200000000 --ramulator-stats results/1c/hbm1/ramulator/621.wrf_s-8100B.yaml --json results/1c/hbm1/champsim/621.wrf_s-8100B.json traces/621.wrf_s-8100B.champsimtrace.xz
238	:	1790061311.118	  8853.734	0	34502	0	0	./bin/champsim_goldencove_1c_hbm1 --warmup-instructions 200000000 --ramulator-stats results/1c/hbm1/ramulator/621.wrf_s-8065B.yaml --json results/1c/hbm1/champsim/621.wrf_s-8065B.json traces/621.wrf_s-8065B.champsimtrace.xz
220	:	1790055560.494	 14654.993	0	34752	0	0	./bin/champsim_goldencove_1c_hbm1 --warmup-instructions 200000000 --ramulator-stats results/1c/hbm1/ramulator/605.mcf_s-1644B.yaml --json results/1c/hbm1/champsim/605.mcf_s-1644B.json traces/605.mcf_s-1644B.champsimtrace.xz
246	:	1790063971.539	  6729.272	0	34215	0	0	./bin/champsim_goldencove_1c_hbm1 --warmup-instructions 200000000 --ramulator-stats results/1c/hbm1/ramulator/625.x264_s-12B.yaml --json results/1c/hbm1/champsim/625.x264_s-12B.json traces/625.x264_s-12B.champsimtrace.xz
247	:	1790064036.490	  6819.105	0	34209	0	0	./bin/champsim_goldencove_1c_hbm1 --warmup-instructions 200000000 --ramulator-stats results/1c/hbm1/ramulator/625.x264_s-18B.yaml --json results/1c/hbm1/champsim/625.x264_s-18B.json traces/625.x264_s-18B.champsimtrace.xz
241	:	1790061955.723	  8925.885	0	34249	0	0	./bin/champsim_goldencove_1c_hbm1 --warmup-instructions 200000000 --ramulator-stats results/1c/hbm1/ramulator/623.xalancbmk_s-165B.yaml --json results/1c/hbm1/champsim/623.xalancbmk_s-165B.json traces/623.xalancbmk_s-165B.champsimtrace.xz
243	:	1790062176.875	  9014.426	0	34446	0	0	./bin/champsim_goldencove_1c_hbm1 --warmup-instructions 200000000 --ramulator-stats results/1c/hbm1/ramulator/623.xalancbmk_s-325B.yaml --json results/1c/hbm1/champsim/623.xalancbmk_s-325B.json traces/623.xalancbmk_s-325B.champsimtrace.xz
242	:	1790062094.318	  9684.165	0	34365	0	0	./bin/champsim_goldencove_1c_hbm1 --warmup-instructions 200000000 --ramulator-stats results/1c/hbm1/ramulator/623.xalancbmk_s-202B.yaml --json results/1c/hbm1/champsim/623.xalancbmk_s-202B.json traces/623.xalancbmk_s-202B.champsimtrace.xz
248	:	1790065092.314	  6810.953	0	34202	0	0	./bin/champsim_goldencove_1c_hbm1 --warmup-instructions 200000000 --ramulator-stats results/1c/hbm1/ramulator/625.x264_s-20B.yaml --json results/1c/hbm1/champsim/625.x264_s-20B.json traces/625.x264_s-20B.champsimtrace.xz
244	:	1790063087.725	  9258.499	0	34412	0	0	./bin/champsim_goldencove_1c_hbm1 --warmup-instructions 200000000 --ramulator-stats results/1c/hbm1/ramulator/623.xalancbmk_s-592B.yaml --json results/1c/hbm1/champsim/623.xalancbmk_s-592B.json traces/623.xalancbmk_s-592B.champsimtrace.xz
207	:	1790053488.500	 19027.941	0	34700	0	0	./bin/champsim_goldencove_1c_hbm1 --warmup-instructions 200000000 --ramulator-stats results/1c/hbm1/ramulator/602.gcc_s-2226B.yaml --json results/1c/hbm1/champsim/602.gcc_s-2226B.json traces/602.gcc_s-2226B.champsimtrace.xz
249	:	1790065737.356	  6846.888	0	34215	0	0	./bin/champsim_goldencove_1c_hbm1 --warmup-instructions 200000000 --ramulator-stats results/1c/hbm1/ramulator/625.x264_s-33B.yaml --json results/1c/hbm1/champsim/625.x264_s-33B.json traces/625.x264_s-33B.champsimtrace.xz
250	:	1790066287.011	  6757.892	0	34224	0	0	./bin/champsim_goldencove_1c_hbm1 --warmup-instructions 200000000 --ramulator-stats results/1c/hbm1/ramulator/625.x264_s-39B.yaml --json results/1c/hbm1/champsim/625.x264_s-39B.json traces/625.x264_s-39B.champsimtrace.xz
245	:	1790063257.515	 10056.814	0	34577	0	0	./bin/champsim_goldencove_1c_hbm1 --warmup-instructions 200000000 --ramulator-stats results/1c/hbm1/ramulator/623.xalancbmk_s-700B.yaml --json results/1c/hbm1/champsim/623.xalancbmk_s-700B.json traces/623.xalancbmk_s-700B.champsimtrace.xz
230	:	1790059714.601	 14033.085	0	34659	0	0	./bin/champsim_goldencove_1c_hbm1 --warmup-instructions 200000000 --ramulator-stats results/1c/hbm1/ramulator/619.lbm_s-2676B.yaml --json results/1c/hbm1/champsim/619.lbm_s-2676B.json traces/619.lbm_s-2676B.champsimtrace.xz
255	:	1790069866.491	  4265.003	0	33925	0	0	./bin/champsim_goldencove_1c_hbm1 --warmup-instructions 200000000 --ramulator-stats results/1c/hbm1/ramulator/638.imagick_s-10316B.yaml --json results/1c/hbm1/champsim/638.imagick_s-10316B.json traces/638.imagick_s-10316B.champsimtrace.xz
233	:	1790060313.399	 14241.124	0	34660	0	0	./bin/champsim_goldencove_1c_hbm1 --warmup-instructions 200000000 --ramulator-stats results/1c/hbm1/ramulator/619.lbm_s-4268B.yaml --json results/1c/hbm1/champsim/619.lbm_s-4268B.json traces/619.lbm_s-4268B.champsimtrace.xz
252	:	1790067879.165	  6894.985	0	34235	0	0	./bin/champsim_goldencove_1c_hbm1 --warmup-instructions 200000000 --ramulator-stats results/1c/hbm1/ramulator/627.cam4_s-573B.yaml --json results/1c/hbm1/champsim/627.cam4_s-573B.json traces/627.cam4_s-573B.champsimtrace.xz
231	:	1790059974.294	 14827.138	0	34643	0	0	./bin/champsim_goldencove_1c_hbm1 --warmup-instructions 200000000 --ramulator-stats results/1c/hbm1/ramulator/619.lbm_s-2677B.yaml --json results/1c/hbm1/champsim/619.lbm_s-2677B.json traces/619.lbm_s-2677B.champsimtrace.xz
251	:	1790066352.678	  8535.802	0	34335	0	0	./bin/champsim_goldencove_1c_hbm1 --warmup-instructions 200000000 --ramulator-stats results/1c/hbm1/ramulator/627.cam4_s-490B.yaml --json results/1c/hbm1/champsim/627.cam4_s-490B.json traces/627.cam4_s-490B.champsimtrace.xz
253	:	1790068164.008	  6994.360	0	34249	0	0	./bin/champsim_goldencove_1c_hbm1 --warmup-instructions 200000000 --ramulator-stats results/1c/hbm1/ramulator/628.pop2_s-17B.yaml --json results/1c/hbm1/champsim/628.pop2_s-17B.json traces/628.pop2_s-17B.champsimtrace.xz
225	:	1790058404.554	 17630.073	0	34671	0	0	./bin/champsim_goldencove_1c_hbm1 --warmup-instructions 200000000 --ramulator-stats results/1c/hbm1/ramulator/605.mcf_s-994B.yaml --json results/1c/hbm1/champsim/605.mcf_s-994B.json traces/605.mcf_s-994B.champsimtrace.xz
232	:	1790060149.976	 15892.429	0	34630	0	0	./bin/champsim_goldencove_1c_hbm1 --warmup-instructions 200000000 --ramulator-stats results/1c/hbm1/ramulator/619.lbm_s-3766B.yaml --json results/1c/hbm1/champsim/619.lbm_s-3766B.json traces/619.lbm_s-3766B.champsimtrace.xz
222	:	1790057370.981	 18708.182	0	34745	0	0	./bin/champsim_goldencove_1c_hbm1 --warmup-instructions 200000000 --ramulator-stats results/1c/hbm1/ramulator/605.mcf_s-484B.yaml --json results/1c/hbm1/champsim/605.mcf_s-484B.json traces/605.mcf_s-484B.champsimtrace.xz
223	:	1790057901.241	 18329.470	0	34669	0	0	./bin/champsim_goldencove_1c_hbm1 --warmup-instructions 200000000 --ramulator-stats results/1c/hbm1/ramulator/605.mcf_s-665B.yaml --json results/1c/hbm1/champsim/605.mcf_s-665B.json traces/605.mcf_s-665B.champsimtrace.xz
256	:	1790069893.448	  6719.401	0	34211	0	0	./bin/champsim_goldencove_1c_hbm1 --warmup-instructions 200000000 --ramulator-stats results/1c/hbm1/ramulator/638.imagick_s-4128B.yaml --json results/1c/hbm1/champsim/638.imagick_s-4128B.json traces/638.imagick_s-4128B.champsimtrace.xz
235	:	1790060396.327	 16509.940	0	34668	0	0	./bin/champsim_goldencove_1c_hbm1 --warmup-instructions 200000000 --ramulator-stats results/1c/hbm1/ramulator/620.omnetpp_s-874B.yaml --json results/1c/hbm1/champsim/620.omnetpp_s-874B.json traces/620.omnetpp_s-874B.champsimtrace.xz
257	:	1790069932.409	  7207.136	0	34179	0	0	./bin/champsim_goldencove_1c_hbm1 --warmup-instructions 200000000 --ramulator-stats results/1c/hbm1/ramulator/638.imagick_s-824B.yaml --json results/1c/hbm1/champsim/638.imagick_s-824B.json traces/638.imagick_s-824B.champsimtrace.xz
260	:	1790070164.860	  7313.656	0	34219	0	0	./bin/champsim_goldencove_1c_hbm1 --warmup-instructions 200000000 --ramulator-stats results/1c/hbm1/ramulator/641.leela_s-149B.yaml --json results/1c/hbm1/champsim/641.leela_s-149B.json traces/641.leela_s-149B.champsimtrace.xz
221	:	1790056807.435	 20721.628	0	34718	0	0	./bin/champsim_goldencove_1c_hbm1 --warmup-instructions 200000000 --ramulator-stats results/1c/hbm1/ramulator/605.mcf_s-472B.yaml --json results/1c/hbm1/champsim/605.mcf_s-472B.json traces/605.mcf_s-472B.champsimtrace.xz
258	:	1790070011.988	  7549.046	0	34276	0	0	./bin/champsim_goldencove_1c_hbm1 --warmup-instructions 200000000 --ramulator-stats results/1c/hbm1/ramulator/641.leela_s-1052B.yaml --json results/1c/hbm1/champsim/641.leela_s-1052B.json traces/641.leela_s-1052B.champsimtrace.xz
259	:	1790070115.009	  7501.348	0	34349	0	0	./bin/champsim_goldencove_1c_hbm1 --warmup-instructions 200000000 --ramulator-stats results/1c/hbm1/ramulator/641.leela_s-1083B.yaml --json results/1c/hbm1/champsim/641.leela_s-1083B.json traces/641.leela_s-1083B.champsimtrace.xz
254	:	1790069412.259	  8299.247	0	34280	0	0	./bin/champsim_goldencove_1c_hbm1 --warmup-instructions 200000000 --ramulator-stats results/1c/hbm1/ramulator/631.deepsjeng_s-928B.yaml --json results/1c/hbm1/champsim/631.deepsjeng_s-928B.json traces/631.deepsjeng_s-928B.champsimtrace.xz
234	:	1790060352.203	 17396.240	0	34686	0	0	./bin/champsim_goldencove_1c_hbm1 --warmup-instructions 200000000 --ramulator-stats results/1c/hbm1/ramulator/620.omnetpp_s-141B.yaml --json results/1c/hbm1/champsim/620.omnetpp_s-141B.json traces/620.omnetpp_s-141B.champsimtrace.xz
261	:	1790070215.495	  7650.708	0	34279	0	0	./bin/champsim_goldencove_1c_hbm1 --warmup-instructions 200000000 --ramulator-stats results/1c/hbm1/ramulator/641.leela_s-334B.yaml --json results/1c/hbm1/champsim/641.leela_s-334B.json traces/641.leela_s-334B.champsimtrace.xz
265	:	1790071191.308	  6681.892	0	34193	0	0	./bin/champsim_goldencove_1c_hbm1 --warmup-instructions 200000000 --ramulator-stats results/1c/hbm1/ramulator/644.nab_s-12459B.yaml --json results/1c/hbm1/champsim/644.nab_s-12459B.json traces/644.nab_s-12459B.champsimtrace.xz
264	:	1790070881.618	  7254.805	0	34265	0	0	./bin/champsim_goldencove_1c_hbm1 --warmup-instructions 200000000 --ramulator-stats results/1c/hbm1/ramulator/641.leela_s-862B.yaml --json results/1c/hbm1/champsim/641.leela_s-862B.json traces/641.leela_s-862B.champsimtrace.xz
262	:	1790070700.820	  7503.877	0	34261	0	0	./bin/champsim_goldencove_1c_hbm1 --warmup-instructions 200000000 --ramulator-stats results/1c/hbm1/ramulator/641.leela_s-602B.yaml --json results/1c/hbm1/champsim/641.leela_s-602B.json traces/641.leela_s-602B.champsimtrace.xz
263	:	1790070855.605	  7371.808	0	34285	0	0	./bin/champsim_goldencove_1c_hbm1 --warmup-instructions 200000000 --ramulator-stats results/1c/hbm1/ramulator/641.leela_s-800B.yaml --json results/1c/hbm1/champsim/641.leela_s-800B.json traces/641.leela_s-800B.champsimtrace.xz
217	:	1790054924.211	 24566.329	0	34687	0	0	./bin/champsim_goldencove_1c_hbm1 --warmup-instructions 200000000 --ramulator-stats results/1c/hbm1/ramulator/605.mcf_s-1152B.yaml --json results/1c/hbm1/champsim/605.mcf_s-1152B.json traces/605.mcf_s-1152B.champsimtrace.xz
267	:	1790071903.273	  7911.737	0	34639	0	0	./bin/champsim_goldencove_1c_hbm1 --warmup-instructions 200000000 --ramulator-stats results/1c/hbm1/ramulator/644.nab_s-5853B.yaml --json results/1c/hbm1/champsim/644.nab_s-5853B.json traces/644.nab_s-5853B.champsimtrace.xz
270	:	1790072584.252	  7262.103	0	34247	0	0	./bin/champsim_goldencove_1c_hbm1 --warmup-instructions 200000000 --ramulator-stats results/1c/hbm1/ramulator/648.exchange2_s-1227B.yaml --json results/1c/hbm1/champsim/648.exchange2_s-1227B.json traces/648.exchange2_s-1227B.champsimtrace.xz
268	:	1790072346.233	  8006.886	0	34205	0	0	./bin/champsim_goldencove_1c_hbm1 --warmup-instructions 200000000 --ramulator-stats results/1c/hbm1/ramulator/644.nab_s-7928B.yaml --json results/1c/hbm1/champsim/644.nab_s-7928B.json traces/644.nab_s-7928B.champsimtrace.xz
271	:	1790073044.915	  7323.485	0	34242	0	0	./bin/champsim_goldencove_1c_hbm1 --warmup-instructions 200000000 --ramulator-stats results/1c/hbm1/ramulator/648.exchange2_s-1247B.yaml --json results/1c/hbm1/champsim/648.exchange2_s-1247B.json traces/648.exchange2_s-1247B.champsimtrace.xz
269	:	1790072516.456	  8029.557	0	34222	0	0	./bin/champsim_goldencove_1c_hbm1 --warmup-instructions 200000000 --ramulator-stats results/1c/hbm1/ramulator/644.nab_s-9322B.yaml --json results/1c/hbm1/champsim/644.nab_s-9322B.json traces/644.nab_s-9322B.champsimtrace.xz
266	:	1790071778.493	  8854.720	0	34255	0	0	./bin/champsim_goldencove_1c_hbm1 --warmup-instructions 200000000 --ramulator-stats results/1c/hbm1/ramulator/644.nab_s-12521B.yaml --json results/1c/hbm1/champsim/644.nab_s-12521B.json traces/644.nab_s-12521B.champsimtrace.xz
272	:	1790073314.337	  7335.509	0	33440	0	0	./bin/champsim_goldencove_1c_hbm1 --warmup-instructions 200000000 --ramulator-stats results/1c/hbm1/ramulator/648.exchange2_s-1511B.yaml --json results/1c/hbm1/champsim/648.exchange2_s-1511B.json traces/648.exchange2_s-1511B.champsimtrace.xz
277	:	1790074801.440	  6754.570	0	33419	0	0	./bin/champsim_goldencove_1c_hbm1 --warmup-instructions 200000000 --ramulator-stats results/1c/hbm1/ramulator/648.exchange2_s-387B.yaml --json results/1c/hbm1/champsim/648.exchange2_s-387B.json traces/648.exchange2_s-387B.champsimtrace.xz
240	:	1790061606.124	 19994.398	0	34687	0	0	./bin/champsim_goldencove_1c_hbm1 --warmup-instructions 200000000 --ramulator-stats results/1c/hbm1/ramulator/623.xalancbmk_s-10B.yaml --json results/1c/hbm1/champsim/623.xalancbmk_s-10B.json traces/623.xalancbmk_s-10B.champsimtrace.xz
273	:	1790073747.695	  7929.106	0	33458	0	0	./bin/champsim_goldencove_1c_hbm1 --warmup-instructions 200000000 --ramulator-stats results/1c/hbm1/ramulator/648.exchange2_s-1699B.yaml --json results/1c/hbm1/champsim/648.exchange2_s-1699B.json traces/648.exchange2_s-1699B.champsimtrace.xz
274	:	1790074131.508	  7814.546	0	34266	0	0	./bin/champsim_goldencove_1c_hbm1 --warmup-instructions 200000000 --ramulator-stats results/1c/hbm1/ramulator/648.exchange2_s-1712B.yaml --json results/1c/hbm1/champsim/648.exchange2_s-1712B.json traces/648.exchange2_s-1712B.champsimtrace.xz
276	:	1790074774.158	  7515.394	0	34226	0	0	./bin/champsim_goldencove_1c_hbm1 --warmup-instructions 200000000 --ramulator-stats results/1c/hbm1/ramulator/648.exchange2_s-353B.yaml --json results/1c/hbm1/champsim/648.exchange2_s-353B.json traces/648.exchange2_s-353B.champsimtrace.xz
286	:	1790077139.551	  5236.825	0	34172	0	0	./bin/champsim_goldencove_1c_hbm1 --warmup-instructions 200000000 --ramulator-stats results/1c/hbm1/ramulator/654.roms_s-1021B.yaml --json results/1c/hbm1/champsim/654.roms_s-1021B.json traces/654.roms_s-1021B.champsimtrace.xz
103	:	1790027195.313	 55259.891	0	244746	0	0	./bin/champsim_goldencove_8c_ddr5_llc --warmup-instructions 200000000 --ramulator-stats results/8c/ddr5_llc/ramulator/random.yaml --json results/8c/ddr5_llc/champsim/random.json traces/657.xz_s-3167B.champsimtrace.xz traces/605.mcf_s-1152B.champsimtrace.xz traces/605.mcf_s-665B.champsimtrace.xz traces/605.mcf_s-472B.champsimtrace.xz traces/641.leela_s-800B.champsimtrace.xz traces/607.cactuBSSN_s-4004B.champsimtrace.xz traces/648.exchange2_s-1227B.champsimtrace.xz traces/600.perlbench_s-1273B.champsimtrace.xz
275	:	1790074554.531	  7922.406	0	34243	0	0	./bin/champsim_goldencove_1c_hbm1 --warmup-instructions 200000000 --ramulator-stats results/1c/hbm1/ramulator/648.exchange2_s-210B.yaml --json results/1c/hbm1/champsim/648.exchange2_s-210B.json traces/648.exchange2_s-210B.champsimtrace.xz
278	:	1790074888.491	  7632.837	0	34223	0	0	./bin/champsim_goldencove_1c_hbm1 --warmup-instructions 200000000 --ramulator-stats results/1c/hbm1/ramulator/648.exchange2_s-584B.yaml --json results/1c/hbm1/champsim/648.exchange2_s-584B.json traces/648.exchange2_s-584B.champsimtrace.xz
279	:	1790075158.373	  7577.767	0	34229	0	0	./bin/champsim_goldencove_1c_hbm1 --warmup-instructions 200000000 --ramulator-stats results/1c/hbm1/ramulator/648.exchange2_s-72B.yaml --json results/1c/hbm1/champsim/648.exchange2_s-72B.json traces/648.exchange2_s-72B.champsimtrace.xz
297	:	1790078227.422	  4776.052	0	34144	0	0	./bin/champsim_goldencove_1c_hbm1 --warmup-instructions 200000000 --ramulator-stats results/1c/hbm1/ramulator/657.xz_s-56B.yaml --json results/1c/hbm1/champsim/657.xz_s-56B.json traces/657.xz_s-56B.champsimtrace.xz
282	:	1790076079.168	  7266.174	0	34243	0	0	./bin/champsim_goldencove_1c_hbm1 --warmup-instructions 200000000 --ramulator-stats results/1c/hbm1/ramulator/649.fotonik3d_s-1B.yaml --json results/1c/hbm1/champsim/649.fotonik3d_s-1B.json traces/649.fotonik3d_s-1B.champsimtrace.xz
296	:	1790078204.702	  5945.124	0	34231	0	0	./bin/champsim_goldencove_1c_hbm1 --warmup-instructions 200000000 --ramulator-stats results/1c/hbm1/ramulator/657.xz_s-4994B.yaml --json results/1c/hbm1/champsim/657.xz_s-4994B.json traces/657.xz_s-4994B.champsimtrace.xz
218	:	1790055296.547	 28973.705	0	34690	0	0	./bin/champsim_goldencove_1c_hbm1 --warmup-instructions 200000000 --ramulator-stats results/1c/hbm1/ramulator/605.mcf_s-1536B.yaml --json results/1c/hbm1/champsim/605.mcf_s-1536B.json traces/605.mcf_s-1536B.champsimtrace.xz
295	:	1790078136.432	  7258.779	0	34290	0	0	./bin/champsim_goldencove_1c_hbm1 --warmup-instructions 200000000 --ramulator-stats results/1c/hbm1/ramulator/657.xz_s-3167B.yaml --json results/1c/hbm1/champsim/657.xz_s-3167B.json traces/657.xz_s-3167B.champsimtrace.xz
294	:	1790077873.207	  7860.813	0	34438	0	0	./bin/champsim_goldencove_1c_hbm1 --warmup-instructions 200000000 --ramulator-stats results/1c/hbm1/ramulator/657.xz_s-2302B.yaml --json results/1c/hbm1/champsim/657.xz_s-2302B.json traces/657.xz_s-2302B.champsimtrace.xz
293	:	1790077866.209	  8431.540	0	34337	0	0	./bin/champsim_goldencove_1c_hbm1 --warmup-instructions 200000000 --ramulator-stats results/1c/hbm1/ramulator/654.roms_s-842B.yaml --json results/1c/hbm1/champsim/654.roms_s-842B.json traces/654.roms_s-842B.champsimtrace.xz
291	:	1790077711.514	  9009.519	0	34394	0	0	./bin/champsim_goldencove_1c_hbm1 --warmup-instructions 200000000 --ramulator-stats results/1c/hbm1/ramulator/654.roms_s-294B.yaml --json results/1c/hbm1/champsim/654.roms_s-294B.json traces/654.roms_s-294B.champsimtrace.xz
289	:	1790077561.041	 10083.196	0	34554	0	0	./bin/champsim_goldencove_1c_hbm1 --warmup-instructions 200000000 --ramulator-stats results/1c/hbm1/ramulator/654.roms_s-1613B.yaml --json results/1c/hbm1/champsim/654.roms_s-1613B.json traces/654.roms_s-1613B.champsimtrace.xz
285	:	1790076906.274	 11302.814	0	34577	0	0	./bin/champsim_goldencove_1c_hbm1 --warmup-instructions 200000000 --ramulator-stats results/1c/hbm1/ramulator/654.roms_s-1007B.yaml --json results/1c/hbm1/champsim/654.roms_s-1007B.json traces/654.roms_s-1007B.champsimtrace.xz
309	:	1790081946.062	  6299.868	0	34899	0	0	./bin/champsim_goldencove_1c_hbm1_llc --warmup-instructions 200000000 --ramulator-stats results/1c/hbm1_llc/ramulator/603.bwaves_s-1080B.yaml --json results/1c/hbm1_llc/champsim/603.bwaves_s-1080B.json traces/603.bwaves_s-1080B.champsimtrace.xz
314	:	1790082521.335	  5767.342	0	34908	0	0	./bin/champsim_goldencove_1c_hbm1_llc --warmup-instructions 200000000 --ramulator-stats results/1c/hbm1_llc/ramulator/603.bwaves_s-5359B.yaml --json results/1c/hbm1_llc/champsim/603.bwaves_s-5359B.json traces/603.bwaves_s-5359B.champsimtrace.xz
281	:	1790076042.411	 12283.358	0	34696	0	0	./bin/champsim_goldencove_1c_hbm1 --warmup-instructions 200000000 --ramulator-stats results/1c/hbm1/ramulator/649.fotonik3d_s-1176B.yaml --json results/1c/hbm1/champsim/649.fotonik3d_s-1176B.json traces/649.fotonik3d_s-1176B.champsimtrace.xz
313	:	1790082476.944	  5915.161	0	34883	0	0	./bin/champsim_goldencove_1c_hbm1_llc --warmup-instructions 200000000 --ramulator-stats results/1c/hbm1_llc/ramulator/603.bwaves_s-3699B.yaml --json results/1c/hbm1_llc/champsim/603.bwaves_s-3699B.json traces/603.bwaves_s-3699B.champsimtrace.xz
287	:	1790077478.523	 11248.816	0	34599	0	0	./bin/champsim_goldencove_1c_hbm1 --warmup-instructions 200000000 --ramulator-stats results/1c/hbm1/ramulator/654.roms_s-1070B.yaml --json results/1c/hbm1/champsim/654.roms_s-1070B.json traces/654.roms_s-1070B.champsimtrace.xz
302	:	1790080368.406	  8372.138	0	34991	0	0	./bin/champsim_goldencove_1c_hbm1_llc --warmup-instructions 200000000 --ramulator-stats results/1c/hbm1_llc/ramulator/600.perlbench_s-1273B.yaml --json results/1c/hbm1_llc/champsim/600.perlbench_s-1273B.json traces/600.perlbench_s-1273B.champsimtrace.xz
290	:	1790077616.366	 11152.669	0	34552	0	0	./bin/champsim_goldencove_1c_hbm1 --warmup-instructions 200000000 --ramulator-stats results/1c/hbm1/ramulator/654.roms_s-293B.yaml --json results/1c/hbm1/champsim/654.roms_s-293B.json traces/654.roms_s-293B.champsimtrace.xz
284	:	1790076612.859	 12265.298	0	34657	0	0	./bin/champsim_goldencove_1c_hbm1 --warmup-instructions 200000000 --ramulator-stats results/1c/hbm1/ramulator/649.fotonik3d_s-8225B.yaml --json results/1c/hbm1/champsim/649.fotonik3d_s-8225B.json traces/649.fotonik3d_s-8225B.champsimtrace.xz
283	:	1790076230.721	 12666.256	0	34429	0	0	./bin/champsim_goldencove_1c_hbm1 --warmup-instructions 200000000 --ramulator-stats results/1c/hbm1/ramulator/649.fotonik3d_s-7084B.yaml --json results/1c/hbm1/champsim/649.fotonik3d_s-7084B.json traces/649.fotonik3d_s-7084B.champsimtrace.xz
303	:	1790080546.023	  8490.595	0	35040	0	0	./bin/champsim_goldencove_1c_hbm1_llc --warmup-instructions 200000000 --ramulator-stats results/1c/hbm1_llc/ramulator/600.perlbench_s-210B.yaml --json results/1c/hbm1_llc/champsim/600.perlbench_s-210B.json traces/600.perlbench_s-210B.champsimtrace.xz
304	:	1790080633.219	  8564.866	0	34996	0	0	./bin/champsim_goldencove_1c_hbm1_llc --warmup-instructions 200000000 --ramulator-stats results/1c/hbm1_llc/ramulator/600.perlbench_s-570B.yaml --json results/1c/hbm1_llc/champsim/600.perlbench_s-570B.json traces/600.perlbench_s-570B.champsimtrace.xz
308	:	1790081676.807	  7790.153	0	34954	0	0	./bin/champsim_goldencove_1c_hbm1_llc --warmup-instructions 200000000 --ramulator-stats results/1c/hbm1_llc/ramulator/602.gcc_s-734B.yaml --json results/1c/hbm1_llc/champsim/602.gcc_s-734B.json traces/602.gcc_s-734B.champsimtrace.xz
292	:	1790077748.449	 11973.798	0	34614	0	0	./bin/champsim_goldencove_1c_hbm1 --warmup-instructions 200000000 --ramulator-stats results/1c/hbm1/ramulator/654.roms_s-523B.yaml --json results/1c/hbm1/champsim/654.roms_s-523B.json traces/654.roms_s-523B.champsimtrace.xz
307	:	1790081600.530	  8395.536	0	35152	0	0	./bin/champsim_goldencove_1c_hbm1_llc --warmup-instructions 200000000 --ramulator-stats results/1c/hbm1_llc/ramulator/602.gcc_s-2375B.yaml --json results/1c/hbm1_llc/champsim/602.gcc_s-2375B.json traces/602.gcc_s-2375B.champsimtrace.xz
288	:	1790077529.074	 12630.757	0	34632	0	0	./bin/champsim_goldencove_1c_hbm1 --warmup-instructions 200000000 --ramulator-stats results/1c/hbm1/ramulator/654.roms_s-1390B.yaml --json results/1c/hbm1/champsim/654.roms_s-1390B.json traces/654.roms_s-1390B.champsimtrace.xz
219	:	1790055453.794	 34812.223	0	34694	0	0	./bin/champsim_goldencove_1c_hbm1 --warmup-instructions 200000000 --ramulator-stats results/1c/hbm1/ramulator/605.mcf_s-1554B.yaml --json results/1c/hbm1/champsim/605.mcf_s-1554B.json traces/605.mcf_s-1554B.champsimtrace.xz
280	:	1790076034.637	 14646.936	0	34668	0	0	./bin/champsim_goldencove_1c_hbm1 --warmup-instructions 200000000 --ramulator-stats results/1c/hbm1/ramulator/649.fotonik3d_s-10881B.yaml --json results/1c/hbm1/champsim/649.fotonik3d_s-10881B.json traces/649.fotonik3d_s-10881B.champsimtrace.xz
312	:	1790082455.232	 10109.485	0	35005	0	0	./bin/champsim_goldencove_1c_hbm1_llc --warmup-instructions 200000000 --ramulator-stats results/1c/hbm1_llc/ramulator/603.bwaves_s-2931B.yaml --json results/1c/hbm1_llc/champsim/603.bwaves_s-2931B.json traces/603.bwaves_s-2931B.champsimtrace.xz
305	:	1790080649.851	 12320.230	0	35383	0	0	./bin/champsim_goldencove_1c_hbm1_llc --warmup-instructions 200000000 --ramulator-stats results/1c/hbm1_llc/ramulator/602.gcc_s-1850B.yaml --json results/1c/hbm1_llc/champsim/602.gcc_s-1850B.json traces/602.gcc_s-1850B.champsimtrace.xz
328	:	1790088325.780	  5738.190	0	34937	0	0	./bin/champsim_goldencove_1c_hbm1_llc --warmup-instructions 200000000 --ramulator-stats results/1c/hbm1_llc/ramulator/607.cactuBSSN_s-4248B.yaml --json results/1c/hbm1_llc/champsim/607.cactuBSSN_s-4248B.json traces/607.cactuBSSN_s-4248B.champsimtrace.xz
315	:	1790082736.146	 11972.321	0	35374	0	0	./bin/champsim_goldencove_1c_hbm1_llc --warmup-instructions 200000000 --ramulator-stats results/1c/hbm1_llc/ramulator/603.bwaves_s-891B.yaml --json results/1c/hbm1_llc/champsim/603.bwaves_s-891B.json traces/603.bwaves_s-891B.champsimtrace.xz
310	:	1790082289.560	 12879.263	0	35364	0	0	./bin/champsim_goldencove_1c_hbm1_llc --warmup-instructions 200000000 --ramulator-stats results/1c/hbm1_llc/ramulator/603.bwaves_s-1740B.yaml --json results/1c/hbm1_llc/champsim/603.bwaves_s-1740B.json traces/603.bwaves_s-1740B.champsimtrace.xz
311	:	1790082376.383	 12919.151	0	35351	0	0	./bin/champsim_goldencove_1c_hbm1_llc --warmup-instructions 200000000 --ramulator-stats results/1c/hbm1_llc/ramulator/603.bwaves_s-2609B.yaml --json results/1c/hbm1_llc/champsim/603.bwaves_s-2609B.json traces/603.bwaves_s-2609B.champsimtrace.xz
319	:	1790084270.260	 12730.967	0	35474	0	0	./bin/champsim_goldencove_1c_hbm1_llc --warmup-instructions 200000000 --ramulator-stats results/1c/hbm1_llc/ramulator/605.mcf_s-1644B.yaml --json results/1c/hbm1_llc/champsim/605.mcf_s-1644B.json traces/605.mcf_s-1644B.champsimtrace.xz
335	:	1790089036.626	  8478.700	0	34984	0	0	./bin/champsim_goldencove_1c_hbm1_llc --warmup-instructions 200000000 --ramulator-stats results/1c/hbm1_llc/ramulator/621.wrf_s-575B.yaml --json results/1c/hbm1_llc/champsim/621.wrf_s-575B.json traces/621.wrf_s-575B.champsimtrace.xz
336	:	1790089198.091	  8355.145	0	35032	0	0	./bin/champsim_goldencove_1c_hbm1_llc --warmup-instructions 200000000 --ramulator-stats results/1c/hbm1_llc/ramulator/621.wrf_s-6673B.yaml --json results/1c/hbm1_llc/champsim/621.wrf_s-6673B.json traces/621.wrf_s-6673B.champsimtrace.xz
337	:	1790089466.975	  8297.401	0	35023	0	0	./bin/champsim_goldencove_1c_hbm1_llc --warmup-instructions 200000000 --ramulator-stats results/1c/hbm1_llc/ramulator/621.wrf_s-8065B.yaml --json results/1c/hbm1_llc/champsim/621.wrf_s-8065B.json traces/621.wrf_s-8065B.champsimtrace.xz
338	:	1790089722.257	  8151.378	0	35043	0	0	./bin/champsim_goldencove_1c_hbm1_llc --warmup-instructions 200000000 --ramulator-stats results/1c/hbm1_llc/ramulator/621.wrf_s-8100B.yaml --json results/1c/hbm1_llc/champsim/621.wrf_s-8100B.json traces/621.wrf_s-8100B.champsimtrace.xz
