Seq	Host	Starttime	JobRuntime	Send	Receive	Exitval	Signal	Command
21	:	1790787751.212	 12240.218	0	34169	0	0	./bin/champsim_goldencove_1c_hbm4 --warmup-instructions 200000000 --ramulator-stats results/1c/hbm4/ramulator/603.bwaves_s-5359B.yaml --json results/1c/hbm4/champsim/603.bwaves_s-5359B.json traces/603.bwaves_s-5359B.champsimtrace.xz
20	:	1790787751.208	 12469.950	0	34108	0	0	./bin/champsim_goldencove_1c_hbm4 --warmup-instructions 200000000 --ramulator-stats results/1c/hbm4/ramulator/603.bwaves_s-3699B.yaml --json results/1c/hbm4/champsim/603.bwaves_s-3699B.json traces/603.bwaves_s-3699B.champsimtrace.xz
35	:	1790787751.273	 13128.263	0	34206	0	0	./bin/champsim_goldencove_1c_hbm4 --warmup-instructions 200000000 --ramulator-stats results/1c/hbm4/ramulator/607.cactuBSSN_s-4248B.yaml --json results/1c/hbm4/champsim/607.cactuBSSN_s-4248B.json traces/607.cactuBSSN_s-4248B.champsimtrace.xz
16	:	1790787751.192	 13392.436	0	34176	0	0	./bin/champsim_goldencove_1c_hbm4 --warmup-instructions 200000000 --ramulator-stats results/1c/hbm4/ramulator/603.bwaves_s-1080B.yaml --json results/1c/hbm4/champsim/603.bwaves_s-1080B.json traces/603.bwaves_s-1080B.champsimtrace.xz
11	:	1790787751.173	 18533.312	0	34294	0	0	./bin/champsim_goldencove_1c_hbm4 --warmup-instructions 200000000 --ramulator-stats results/1c/hbm4/ramulator/600.perlbench_s-570B.yaml --json results/1c/hbm4/champsim/600.perlbench_s-570B.json traces/600.perlbench_s-570B.champsimtrace.xz
9	:	1790787751.167	 18653.878	0	34281	0	0	./bin/champsim_goldencove_1c_hbm4 --warmup-instructions 200000000 --ramulator-stats results/1c/hbm4/ramulator/600.perlbench_s-1273B.yaml --json results/1c/hbm4/champsim/600.perlbench_s-1273B.json traces/600.perlbench_s-1273B.champsimtrace.xz
10	:	1790787751.170	 18750.166	0	34305	0	0	./bin/champsim_goldencove_1c_hbm4 --warmup-instructions 200000000 --ramulator-stats results/1c/hbm4/ramulator/600.perlbench_s-210B.yaml --json results/1c/hbm4/champsim/600.perlbench_s-210B.json traces/600.perlbench_s-210B.champsimtrace.xz
14	:	1790787751.184	 19870.385	0	34599	0	0	./bin/champsim_goldencove_1c_hbm4 --warmup-instructions 200000000 --ramulator-stats results/1c/hbm4/ramulator/602.gcc_s-2375B.yaml --json results/1c/hbm4/champsim/602.gcc_s-2375B.json traces/602.gcc_s-2375B.champsimtrace.xz
15	:	1790787751.188	 20143.308	0	34237	0	0	./bin/champsim_goldencove_1c_hbm4 --warmup-instructions 200000000 --ramulator-stats results/1c/hbm4/ramulator/602.gcc_s-734B.yaml --json results/1c/hbm4/champsim/602.gcc_s-734B.json traces/602.gcc_s-734B.champsimtrace.xz
32	:	1790787751.261	 22969.721	0	34287	0	0	./bin/champsim_goldencove_1c_hbm4 --warmup-instructions 200000000 --ramulator-stats results/1c/hbm4/ramulator/607.cactuBSSN_s-2421B.yaml --json results/1c/hbm4/champsim/607.cactuBSSN_s-2421B.json traces/607.cactuBSSN_s-2421B.champsimtrace.xz
19	:	1790787751.204	 23663.112	0	34282	0	0	./bin/champsim_goldencove_1c_hbm4 --warmup-instructions 200000000 --ramulator-stats results/1c/hbm4/ramulator/603.bwaves_s-2931B.yaml --json results/1c/hbm4/champsim/603.bwaves_s-2931B.json traces/603.bwaves_s-2931B.champsimtrace.xz
34	:	1790787751.269	 24231.378	0	34280	0	0	./bin/champsim_goldencove_1c_hbm4 --warmup-instructions 200000000 --ramulator-stats results/1c/hbm4/ramulator/607.cactuBSSN_s-4004B.yaml --json results/1c/hbm4/champsim/607.cactuBSSN_s-4004B.json traces/607.cactuBSSN_s-4004B.champsimtrace.xz
22	:	1790787751.216	 24356.885	0	34575	0	0	./bin/champsim_goldencove_1c_hbm4 --warmup-instructions 200000000 --ramulator-stats results/1c/hbm4/ramulator/603.bwaves_s-891B.yaml --json results/1c/hbm4/champsim/603.bwaves_s-891B.json traces/603.bwaves_s-891B.champsimtrace.xz
33	:	1790787751.265	 24846.990	0	34346	0	0	./bin/champsim_goldencove_1c_hbm4 --warmup-instructions 200000000 --ramulator-stats results/1c/hbm4/ramulator/607.cactuBSSN_s-3477B.yaml --json results/1c/hbm4/champsim/607.cactuBSSN_s-3477B.json traces/607.cactuBSSN_s-3477B.champsimtrace.xz
39	:	1790787751.291	 24978.338	0	34502	0	0	./bin/champsim_goldencove_1c_hbm4 --warmup-instructions 200000000 --ramulator-stats results/1c/hbm4/ramulator/619.lbm_s-4268B.yaml --json results/1c/hbm4/champsim/619.lbm_s-4268B.json traces/619.lbm_s-4268B.champsimtrace.xz
36	:	1790787751.277	 24993.265	0	34494	0	0	./bin/champsim_goldencove_1c_hbm4 --warmup-instructions 200000000 --ramulator-stats results/1c/hbm4/ramulator/619.lbm_s-2676B.yaml --json results/1c/hbm4/champsim/619.lbm_s-2676B.json traces/619.lbm_s-2676B.champsimtrace.xz
12	:	1790787751.177	 25188.648	0	34651	0	0	./bin/champsim_goldencove_1c_hbm4 --warmup-instructions 200000000 --ramulator-stats results/1c/hbm4/ramulator/602.gcc_s-1850B.yaml --json results/1c/hbm4/champsim/602.gcc_s-1850B.json traces/602.gcc_s-1850B.champsimtrace.xz
37	:	1790787751.282	 26326.419	0	34581	0	0	./bin/champsim_goldencove_1c_hbm4 --warmup-instructions 200000000 --ramulator-stats results/1c/hbm4/ramulator/619.lbm_s-2677B.yaml --json results/1c/hbm4/champsim/619.lbm_s-2677B.json traces/619.lbm_s-2677B.champsimtrace.xz
18	:	1790787751.200	 26637.638	0	34644	0	0	./bin/champsim_goldencove_1c_hbm4 --warmup-instructions 200000000 --ramulator-stats results/1c/hbm4/ramulator/603.bwaves_s-2609B.yaml --json results/1c/hbm4/champsim/603.bwaves_s-2609B.json traces/603.bwaves_s-2609B.champsimtrace.xz
17	:	1790787751.196	 26835.515	0	34644	0	0	./bin/champsim_goldencove_1c_hbm4 --warmup-instructions 200000000 --ramulator-stats results/1c/hbm4/ramulator/603.bwaves_s-1740B.yaml --json results/1c/hbm4/champsim/603.bwaves_s-1740B.json traces/603.bwaves_s-1740B.champsimtrace.xz
38	:	1790787751.287	 27185.164	0	34612	0	0	./bin/champsim_goldencove_1c_hbm4 --warmup-instructions 200000000 --ramulator-stats results/1c/hbm4/ramulator/619.lbm_s-3766B.yaml --json results/1c/hbm4/champsim/619.lbm_s-3766B.json traces/619.lbm_s-3766B.champsimtrace.xz
26	:	1790787751.236	 32014.592	0	34749	0	0	./bin/champsim_goldencove_1c_hbm4 --warmup-instructions 200000000 --ramulator-stats results/1c/hbm4/ramulator/605.mcf_s-1644B.yaml --json results/1c/hbm4/champsim/605.mcf_s-1644B.json traces/605.mcf_s-1644B.champsimtrace.xz
43	:	1790800879.556	 19098.997	0	34427	0	0	./bin/champsim_goldencove_1c_hbm4 --warmup-instructions 200000000 --ramulator-stats results/1c/hbm4/ramulator/621.wrf_s-6673B.yaml --json results/1c/hbm4/champsim/621.wrf_s-6673B.json traces/621.wrf_s-6673B.champsimtrace.xz
44	:	1790801143.646	 19589.824	0	34454	0	0	./bin/champsim_goldencove_1c_hbm4 --warmup-instructions 200000000 --ramulator-stats results/1c/hbm4/ramulator/621.wrf_s-8065B.yaml --json results/1c/hbm4/champsim/621.wrf_s-8065B.json traces/621.wrf_s-8065B.champsimtrace.xz
42	:	1790800221.169	 20656.422	0	34327	0	0	./bin/champsim_goldencove_1c_hbm4 --warmup-instructions 200000000 --ramulator-stats results/1c/hbm4/ramulator/621.wrf_s-575B.yaml --json results/1c/hbm4/champsim/621.wrf_s-575B.json traces/621.wrf_s-575B.champsimtrace.xz
61	:	1790814936.464	  9421.405	0	33946	0	0	./bin/champsim_goldencove_1c_hbm4 --warmup-instructions 200000000 --ramulator-stats results/1c/hbm4/ramulator/638.imagick_s-10316B.yaml --json results/1c/hbm4/champsim/638.imagick_s-10316B.json traces/638.imagick_s-10316B.champsimtrace.xz
45	:	1790806284.503	 19255.078	0	34339	0	0	./bin/champsim_goldencove_1c_hbm4 --warmup-instructions 200000000 --ramulator-stats results/1c/hbm4/ramulator/621.wrf_s-8100B.yaml --json results/1c/hbm4/champsim/621.wrf_s-8100B.json traces/621.wrf_s-8100B.champsimtrace.xz
52	:	1790811982.659	 15344.226	0	34209	0	0	./bin/champsim_goldencove_1c_hbm4 --warmup-instructions 200000000 --ramulator-stats results/1c/hbm4/ramulator/625.x264_s-12B.yaml --json results/1c/hbm4/champsim/625.x264_s-12B.json traces/625.x264_s-12B.champsimtrace.xz
53	:	1790812108.115	 15224.901	0	34217	0	0	./bin/champsim_goldencove_1c_hbm4 --warmup-instructions 200000000 --ramulator-stats results/1c/hbm4/ramulator/625.x264_s-18B.yaml --json results/1c/hbm4/champsim/625.x264_s-18B.json traces/625.x264_s-18B.champsimtrace.xz
54	:	1790812598.268	 15136.336	0	34209	0	0	./bin/champsim_goldencove_1c_hbm4 --warmup-instructions 200000000 --ramulator-stats results/1c/hbm4/ramulator/625.x264_s-20B.yaml --json results/1c/hbm4/champsim/625.x264_s-20B.json traces/625.x264_s-20B.champsimtrace.xz
55	:	1790812729.639	 15107.639	0	34217	0	0	./bin/champsim_goldencove_1c_hbm4 --warmup-instructions 200000000 --ramulator-stats results/1c/hbm4/ramulator/625.x264_s-33B.yaml --json results/1c/hbm4/champsim/625.x264_s-33B.json traces/625.x264_s-33B.champsimtrace.xz
56	:	1790812744.556	 15094.467	0	34218	0	0	./bin/champsim_goldencove_1c_hbm4 --warmup-instructions 200000000 --ramulator-stats results/1c/hbm4/ramulator/625.x264_s-39B.yaml --json results/1c/hbm4/champsim/625.x264_s-39B.json traces/625.x264_s-39B.champsimtrace.xz
47	:	1790806501.359	 21483.167	0	34286	0	0	./bin/champsim_goldencove_1c_hbm4 --warmup-instructions 200000000 --ramulator-stats results/1c/hbm4/ramulator/623.xalancbmk_s-165B.yaml --json results/1c/hbm4/champsim/623.xalancbmk_s-165B.json traces/623.xalancbmk_s-165B.champsimtrace.xz
49	:	1790807894.510	 20492.105	0	34471	0	0	./bin/champsim_goldencove_1c_hbm4 --warmup-instructions 200000000 --ramulator-stats results/1c/hbm4/ramulator/623.xalancbmk_s-325B.yaml --json results/1c/hbm4/champsim/623.xalancbmk_s-325B.json traces/623.xalancbmk_s-325B.champsimtrace.xz
31	:	1790787751.256	 40699.332	0	34675	0	0	./bin/champsim_goldencove_1c_hbm4 --warmup-instructions 200000000 --ramulator-stats results/1c/hbm4/ramulator/605.mcf_s-994B.yaml --json results/1c/hbm4/champsim/605.mcf_s-994B.json traces/605.mcf_s-994B.champsimtrace.xz
58	:	1790814077.723	 14614.746	0	34192	0	0	./bin/champsim_goldencove_1c_hbm4 --warmup-instructions 200000000 --ramulator-stats results/1c/hbm4/ramulator/627.cam4_s-573B.yaml --json results/1c/hbm4/champsim/627.cam4_s-573B.json traces/627.cam4_s-573B.champsimtrace.xz
40	:	1790787751.295	 41883.059	0	34656	0	0	./bin/champsim_goldencove_1c_hbm4 --warmup-instructions 200000000 --ramulator-stats results/1c/hbm4/ramulator/620.omnetpp_s-141B.yaml --json results/1c/hbm4/champsim/620.omnetpp_s-141B.json traces/620.omnetpp_s-141B.champsimtrace.xz
59	:	1790814388.856	 15754.338	0	34221	0	0	./bin/champsim_goldencove_1c_hbm4 --warmup-instructions 200000000 --ramulator-stats results/1c/hbm4/ramulator/628.pop2_s-17B.yaml --json results/1c/hbm4/champsim/628.pop2_s-17B.json traces/628.pop2_s-17B.champsimtrace.xz
28	:	1790787751.244	 43452.364	0	34735	0	0	./bin/champsim_goldencove_1c_hbm4 --warmup-instructions 200000000 --ramulator-stats results/1c/hbm4/ramulator/605.mcf_s-484B.yaml --json results/1c/hbm4/champsim/605.mcf_s-484B.json traces/605.mcf_s-484B.champsimtrace.xz
50	:	1790810720.995	 20659.669	0	34408	0	0	./bin/champsim_goldencove_1c_hbm4 --warmup-instructions 200000000 --ramulator-stats results/1c/hbm4/ramulator/623.xalancbmk_s-592B.yaml --json results/1c/hbm4/champsim/623.xalancbmk_s-592B.json traces/623.xalancbmk_s-592B.champsimtrace.xz
57	:	1790812939.836	 18483.374	0	34263	0	0	./bin/champsim_goldencove_1c_hbm4 --warmup-instructions 200000000 --ramulator-stats results/1c/hbm4/ramulator/627.cam4_s-490B.yaml --json results/1c/hbm4/champsim/627.cam4_s-490B.json traces/627.cam4_s-490B.champsimtrace.xz
48	:	1790807621.582	 23916.470	0	34472	0	0	./bin/champsim_goldencove_1c_hbm4 --warmup-instructions 200000000 --ramulator-stats results/1c/hbm4/ramulator/623.xalancbmk_s-202B.yaml --json results/1c/hbm4/champsim/623.xalancbmk_s-202B.json traces/623.xalancbmk_s-202B.champsimtrace.xz
29	:	1790787751.249	 44609.863	0	34669	0	0	./bin/champsim_goldencove_1c_hbm4 --warmup-instructions 200000000 --ramulator-stats results/1c/hbm4/ramulator/605.mcf_s-665B.yaml --json results/1c/hbm4/champsim/605.mcf_s-665B.json traces/605.mcf_s-665B.champsimtrace.xz
13	:	1790787751.180	 45181.460	0	34668	0	0	./bin/champsim_goldencove_1c_hbm4 --warmup-instructions 200000000 --ramulator-stats results/1c/hbm4/ramulator/602.gcc_s-2226B.yaml --json results/1c/hbm4/champsim/602.gcc_s-2226B.json traces/602.gcc_s-2226B.champsimtrace.xz
60	:	1790814586.725	 18405.243	0	34258	0	0	./bin/champsim_goldencove_1c_hbm4 --warmup-instructions 200000000 --ramulator-stats results/1c/hbm4/ramulator/631.deepsjeng_s-928B.yaml --json results/1c/hbm4/champsim/631.deepsjeng_s-928B.json traces/631.deepsjeng_s-928B.champsimtrace.xz
51	:	1790811414.329	 22399.358	0	34599	0	0	./bin/champsim_goldencove_1c_hbm4 --warmup-instructions 200000000 --ramulator-stats results/1c/hbm4/ramulator/623.xalancbmk_s-700B.yaml --json results/1c/hbm4/champsim/623.xalancbmk_s-700B.json traces/623.xalancbmk_s-700B.champsimtrace.xz
62	:	1790819765.845	 15253.319	0	34157	0	0	./bin/champsim_goldencove_1c_hbm4 --warmup-instructions 200000000 --ramulator-stats results/1c/hbm4/ramulator/638.imagick_s-4128B.yaml --json results/1c/hbm4/champsim/638.imagick_s-4128B.json traces/638.imagick_s-4128B.champsimtrace.xz
27	:	1790787751.239	 47455.976	0	34712	0	0	./bin/champsim_goldencove_1c_hbm4 --warmup-instructions 200000000 --ramulator-stats results/1c/hbm4/ramulator/605.mcf_s-472B.yaml --json results/1c/hbm4/champsim/605.mcf_s-472B.json traces/605.mcf_s-472B.champsimtrace.xz
63	:	1790819978.569	 15920.033	0	34194	0	0	./bin/champsim_goldencove_1c_hbm4 --warmup-instructions 200000000 --ramulator-stats results/1c/hbm4/ramulator/638.imagick_s-824B.yaml --json results/1c/hbm4/champsim/638.imagick_s-824B.json traces/638.imagick_s-824B.champsimtrace.xz
64	:	1790820733.488	 17358.831	0	34262	0	0	./bin/champsim_goldencove_1c_hbm4 --warmup-instructions 200000000 --ramulator-stats results/1c/hbm4/ramulator/641.leela_s-1052B.yaml --json results/1c/hbm4/champsim/641.leela_s-1052B.json traces/641.leela_s-1052B.champsimtrace.xz
65	:	1790820877.600	 17527.570	0	34330	0	0	./bin/champsim_goldencove_1c_hbm4 --warmup-instructions 200000000 --ramulator-stats results/1c/hbm4/ramulator/641.leela_s-1083B.yaml --json results/1c/hbm4/champsim/641.leela_s-1083B.json traces/641.leela_s-1083B.champsimtrace.xz
41	:	1790799991.453	 40139.981	0	34682	0	0	./bin/champsim_goldencove_1c_hbm4 --warmup-instructions 200000000 --ramulator-stats results/1c/hbm4/ramulator/620.omnetpp_s-874B.yaml --json results/1c/hbm4/champsim/620.omnetpp_s-874B.json traces/620.omnetpp_s-874B.champsimtrace.xz
66	:	1790824357.880	 16582.026	0	34275	0	0	./bin/champsim_goldencove_1c_hbm4 --warmup-instructions 200000000 --ramulator-stats results/1c/hbm4/ramulator/641.leela_s-149B.yaml --json results/1c/hbm4/champsim/641.leela_s-149B.json traces/641.leela_s-149B.champsimtrace.xz
71	:	1790827837.301	 14909.778	0	34206	0	0	./bin/champsim_goldencove_1c_hbm4 --warmup-instructions 200000000 --ramulator-stats results/1c/hbm4/ramulator/644.nab_s-12459B.yaml --json results/1c/hbm4/champsim/644.nab_s-12459B.json traces/644.nab_s-12459B.champsimtrace.xz
67	:	1790825539.595	 17494.602	0	34286	0	0	./bin/champsim_goldencove_1c_hbm4 --warmup-instructions 200000000 --ramulator-stats results/1c/hbm4/ramulator/641.leela_s-334B.yaml --json results/1c/hbm4/champsim/641.leela_s-334B.json traces/641.leela_s-334B.champsimtrace.xz
69	:	1790827333.035	 16608.845	0	34272	0	0	./bin/champsim_goldencove_1c_hbm4 --warmup-instructions 200000000 --ramulator-stats results/1c/hbm4/ramulator/641.leela_s-800B.yaml --json results/1c/hbm4/champsim/641.leela_s-800B.json traces/641.leela_s-800B.champsimtrace.xz
68	:	1790827326.904	 16953.172	0	34267	0	0	./bin/champsim_goldencove_1c_hbm4 --warmup-instructions 200000000 --ramulator-stats results/1c/hbm4/ramulator/641.leela_s-602B.yaml --json results/1c/hbm4/champsim/641.leela_s-602B.json traces/641.leela_s-602B.champsimtrace.xz
70	:	1790827734.618	 16967.552	0	34254	0	0	./bin/champsim_goldencove_1c_hbm4 --warmup-instructions 200000000 --ramulator-stats results/1c/hbm4/ramulator/641.leela_s-862B.yaml --json results/1c/hbm4/champsim/641.leela_s-862B.json traces/641.leela_s-862B.champsimtrace.xz
76	:	1790828692.492	 16278.638	0	34249	0	0	./bin/champsim_goldencove_1c_hbm4 --warmup-instructions 200000000 --ramulator-stats results/1c/hbm4/ramulator/648.exchange2_s-1227B.yaml --json results/1c/hbm4/champsim/648.exchange2_s-1227B.json traces/648.exchange2_s-1227B.champsimtrace.xz
77	:	1790829634.364	 16316.449	0	34242	0	0	./bin/champsim_goldencove_1c_hbm4 --warmup-instructions 200000000 --ramulator-stats results/1c/hbm4/ramulator/648.exchange2_s-1247B.yaml --json results/1c/hbm4/champsim/648.exchange2_s-1247B.json traces/648.exchange2_s-1247B.champsimtrace.xz
78	:	1790830143.213	 16100.875	0	33441	0	0	./bin/champsim_goldencove_1c_hbm4 --warmup-instructions 200000000 --ramulator-stats results/1c/hbm4/ramulator/648.exchange2_s-1511B.yaml --json results/1c/hbm4/champsim/648.exchange2_s-1511B.json traces/648.exchange2_s-1511B.champsimtrace.xz
73	:	1790827984.540	 18664.408	0	34629	0	0	./bin/champsim_goldencove_1c_hbm4 --warmup-instructions 200000000 --ramulator-stats results/1c/hbm4/ramulator/644.nab_s-5853B.yaml --json results/1c/hbm4/champsim/644.nab_s-5853B.json traces/644.nab_s-5853B.champsimtrace.xz
75	:	1790828450.609	 18264.710	0	34157	0	0	./bin/champsim_goldencove_1c_hbm4 --warmup-instructions 200000000 --ramulator-stats results/1c/hbm4/ramulator/644.nab_s-9322B.yaml --json results/1c/hbm4/champsim/644.nab_s-9322B.json traces/644.nab_s-9322B.champsimtrace.xz
74	:	1790828386.625	 18564.119	0	34234	0	0	./bin/champsim_goldencove_1c_hbm4 --warmup-instructions 200000000 --ramulator-stats results/1c/hbm4/ramulator/644.nab_s-7928B.yaml --json results/1c/hbm4/champsim/644.nab_s-7928B.json traces/644.nab_s-7928B.champsimtrace.xz
83	:	1790832361.121	 14733.625	0	33419	0	0	./bin/champsim_goldencove_1c_hbm4 --warmup-instructions 200000000 --ramulator-stats results/1c/hbm4/ramulator/648.exchange2_s-387B.yaml --json results/1c/hbm4/champsim/648.exchange2_s-387B.json traces/648.exchange2_s-387B.champsimtrace.xz
72	:	1790827839.041	 19489.731	0	34250	0	0	./bin/champsim_goldencove_1c_hbm4 --warmup-instructions 200000000 --ramulator-stats results/1c/hbm4/ramulator/644.nab_s-12521B.yaml --json results/1c/hbm4/champsim/644.nab_s-12521B.json traces/644.nab_s-12521B.champsimtrace.xz
23	:	1790787751.220	 59999.603	0	34678	0	0	./bin/champsim_goldencove_1c_hbm4 --warmup-instructions 200000000 --ramulator-stats results/1c/hbm4/ramulator/605.mcf_s-1152B.yaml --json results/1c/hbm4/champsim/605.mcf_s-1152B.json traces/605.mcf_s-1152B.champsimtrace.xz
82	:	1790831538.064	 16654.115	0	34227	0	0	./bin/champsim_goldencove_1c_hbm4 --warmup-instructions 200000000 --ramulator-stats results/1c/hbm4/ramulator/648.exchange2_s-353B.yaml --json results/1c/hbm4/champsim/648.exchange2_s-353B.json traces/648.exchange2_s-353B.champsimtrace.xz
80	:	1790831380.680	 16943.116	0	34264	0	0	./bin/champsim_goldencove_1c_hbm4 --warmup-instructions 200000000 --ramulator-stats results/1c/hbm4/ramulator/648.exchange2_s-1712B.yaml --json results/1c/hbm4/champsim/648.exchange2_s-1712B.json traces/648.exchange2_s-1712B.champsimtrace.xz
79	:	1790831203.625	 17464.785	0	33458	0	0	./bin/champsim_goldencove_1c_hbm4 --warmup-instructions 200000000 --ramulator-stats results/1c/hbm4/ramulator/648.exchange2_s-1699B.yaml --json results/1c/hbm4/champsim/648.exchange2_s-1699B.json traces/648.exchange2_s-1699B.champsimtrace.xz
81	:	1790831423.220	 17449.938	0	34240	0	0	./bin/champsim_goldencove_1c_hbm4 --warmup-instructions 200000000 --ramulator-stats results/1c/hbm4/ramulator/648.exchange2_s-210B.yaml --json results/1c/hbm4/champsim/648.exchange2_s-210B.json traces/648.exchange2_s-210B.champsimtrace.xz
85	:	1790832991.982	 16754.264	0	34225	0	0	./bin/champsim_goldencove_1c_hbm4 --warmup-instructions 200000000 --ramulator-stats results/1c/hbm4/ramulator/648.exchange2_s-72B.yaml --json results/1c/hbm4/champsim/648.exchange2_s-72B.json traces/648.exchange2_s-72B.champsimtrace.xz
84	:	1790832932.653	 16821.810	0	34221	0	0	./bin/champsim_goldencove_1c_hbm4 --warmup-instructions 200000000 --ramulator-stats results/1c/hbm4/ramulator/648.exchange2_s-584B.yaml --json results/1c/hbm4/champsim/648.exchange2_s-584B.json traces/648.exchange2_s-584B.champsimtrace.xz
88	:	1790835207.232	 16234.322	0	34245	0	0	./bin/champsim_goldencove_1c_hbm4 --warmup-instructions 200000000 --ramulator-stats results/1c/hbm4/ramulator/649.fotonik3d_s-1B.yaml --json results/1c/hbm4/champsim/649.fotonik3d_s-1B.json traces/649.fotonik3d_s-1B.champsimtrace.xz
24	:	1790787751.225	 63786.071	0	34680	0	0	./bin/champsim_goldencove_1c_hbm4 --warmup-instructions 200000000 --ramulator-stats results/1c/hbm4/ramulator/605.mcf_s-1536B.yaml --json results/1c/hbm4/champsim/605.mcf_s-1536B.json traces/605.mcf_s-1536B.champsimtrace.xz
92	:	1790840131.446	 11622.139	0	34166	0	0	./bin/champsim_goldencove_1c_hbm4 --warmup-instructions 200000000 --ramulator-stats results/1c/hbm4/ramulator/654.roms_s-1021B.yaml --json results/1c/hbm4/champsim/654.roms_s-1021B.json traces/654.roms_s-1021B.champsimtrace.xz
46	:	1790806405.059	 45847.556	0	34670	0	0	./bin/champsim_goldencove_1c_hbm4 --warmup-instructions 200000000 --ramulator-stats results/1c/hbm4/ramulator/623.xalancbmk_s-10B.yaml --json results/1c/hbm4/champsim/623.xalancbmk_s-10B.json traces/623.xalancbmk_s-10B.champsimtrace.xz
103	:	1790846715.327	 10606.966	0	34146	0	0	./bin/champsim_goldencove_1c_hbm4 --warmup-instructions 200000000 --ramulator-stats results/1c/hbm4/ramulator/657.xz_s-56B.yaml --json results/1c/hbm4/champsim/657.xz_s-56B.json traces/657.xz_s-56B.champsimtrace.xz
25	:	1790787751.231	 70929.842	0	34708	0	0	./bin/champsim_goldencove_1c_hbm4 --warmup-instructions 200000000 --ramulator-stats results/1c/hbm4/ramulator/605.mcf_s-1554B.yaml --json results/1c/hbm4/champsim/605.mcf_s-1554B.json traces/605.mcf_s-1554B.champsimtrace.xz
87	:	1790835019.183	 24674.109	0	34661	0	0	./bin/champsim_goldencove_1c_hbm4 --warmup-instructions 200000000 --ramulator-stats results/1c/hbm4/ramulator/649.fotonik3d_s-1176B.yaml --json results/1c/hbm4/champsim/649.fotonik3d_s-1176B.json traces/649.fotonik3d_s-1176B.champsimtrace.xz
102	:	1790846648.962	 13846.663	0	34226	0	0	./bin/champsim_goldencove_1c_hbm4 --warmup-instructions 200000000 --ramulator-stats results/1c/hbm4/ramulator/657.xz_s-4994B.yaml --json results/1c/hbm4/champsim/657.xz_s-4994B.json traces/657.xz_s-4994B.champsimtrace.xz
111	:	1790848873.169	 13646.503	0	34904	0	0	./bin/champsim_goldencove_1c_hbm4_llc --warmup-instructions 200000000 --ramulator-stats results/1c/hbm4_llc/ramulator/603.bwaves_s-1080B.yaml --json results/1c/hbm4_llc/champsim/603.bwaves_s-1080B.json traces/603.bwaves_s-1080B.champsimtrace.xz
90	:	1790838092.329	 24624.635	0	34650	0	0	./bin/champsim_goldencove_1c_hbm4 --warmup-instructions 200000000 --ramulator-stats results/1c/hbm4/ramulator/649.fotonik3d_s-8225B.yaml --json results/1c/hbm4/champsim/649.fotonik3d_s-8225B.json traces/649.fotonik3d_s-8225B.champsimtrace.xz
101	:	1790846244.101	 16709.108	0	34284	0	0	./bin/champsim_goldencove_1c_hbm4 --warmup-instructions 200000000 --ramulator-stats results/1c/hbm4/ramulator/657.xz_s-3167B.yaml --json results/1c/hbm4/champsim/657.xz_s-3167B.json traces/657.xz_s-3167B.champsimtrace.xz
99	:	1790844971.138	 18510.648	0	34270	0	0	./bin/champsim_goldencove_1c_hbm4 --warmup-instructions 200000000 --ramulator-stats results/1c/hbm4/ramulator/654.roms_s-842B.yaml --json results/1c/hbm4/champsim/654.roms_s-842B.json traces/654.roms_s-842B.champsimtrace.xz
91	:	1790838405.185	 25674.587	0	34598	0	0	./bin/champsim_goldencove_1c_hbm4 --warmup-instructions 200000000 --ramulator-stats results/1c/hbm4/ramulator/654.roms_s-1007B.yaml --json results/1c/hbm4/champsim/654.roms_s-1007B.json traces/654.roms_s-1007B.champsimtrace.xz
115	:	1790851537.315	 12589.894	0	34837	0	0	./bin/champsim_goldencove_1c_hbm4_llc --warmup-instructions 200000000 --ramulator-stats results/1c/hbm4_llc/ramulator/603.bwaves_s-3699B.yaml --json results/1c/hbm4_llc/champsim/603.bwaves_s-3699B.json traces/603.bwaves_s-3699B.champsimtrace.xz
116	:	1790851753.607	 12552.422	0	34911	0	0	./bin/champsim_goldencove_1c_hbm4_llc --warmup-instructions 200000000 --ramulator-stats results/1c/hbm4_llc/ramulator/603.bwaves_s-5359B.yaml --json results/1c/hbm4_llc/champsim/603.bwaves_s-5359B.json traces/603.bwaves_s-5359B.champsimtrace.xz
97	:	1790844280.087	 20138.104	0	34410	0	0	./bin/champsim_goldencove_1c_hbm4 --warmup-instructions 200000000 --ramulator-stats results/1c/hbm4/ramulator/654.roms_s-294B.yaml --json results/1c/hbm4/champsim/654.roms_s-294B.json traces/654.roms_s-294B.champsimtrace.xz
100	:	1790845950.836	 18555.220	0	34421	0	0	./bin/champsim_goldencove_1c_hbm4 --warmup-instructions 200000000 --ramulator-stats results/1c/hbm4/ramulator/657.xz_s-2302B.yaml --json results/1c/hbm4/champsim/657.xz_s-2302B.json traces/657.xz_s-2302B.champsimtrace.xz
95	:	1790843034.205	 21909.246	0	34518	0	0	./bin/champsim_goldencove_1c_hbm4 --warmup-instructions 200000000 --ramulator-stats results/1c/hbm4/ramulator/654.roms_s-1613B.yaml --json results/1c/hbm4/champsim/654.roms_s-1613B.json traces/654.roms_s-1613B.champsimtrace.xz
89	:	1790835898.618	 29053.660	0	34633	0	0	./bin/champsim_goldencove_1c_hbm4 --warmup-instructions 200000000 --ramulator-stats results/1c/hbm4/ramulator/649.fotonik3d_s-7084B.yaml --json results/1c/hbm4/champsim/649.fotonik3d_s-7084B.json traces/649.fotonik3d_s-7084B.champsimtrace.xz
110	:	1790848668.429	 16847.482	0	34953	0	0	./bin/champsim_goldencove_1c_hbm4_llc --warmup-instructions 200000000 --ramulator-stats results/1c/hbm4_llc/ramulator/602.gcc_s-734B.yaml --json results/1c/hbm4_llc/champsim/602.gcc_s-734B.json traces/602.gcc_s-734B.champsimtrace.xz
104	:	1790846950.755	 18597.228	0	34999	0	0	./bin/champsim_goldencove_1c_hbm4_llc --warmup-instructions 200000000 --ramulator-stats results/1c/hbm4_llc/ramulator/600.perlbench_s-1273B.yaml --json results/1c/hbm4_llc/champsim/600.perlbench_s-1273B.json traces/600.perlbench_s-1273B.champsimtrace.xz
106	:	1790847328.788	 18332.653	0	35007	0	0	./bin/champsim_goldencove_1c_hbm4_llc --warmup-instructions 200000000 --ramulator-stats results/1c/hbm4_llc/ramulator/600.perlbench_s-570B.yaml --json results/1c/hbm4_llc/champsim/600.perlbench_s-570B.json traces/600.perlbench_s-570B.champsimtrace.xz
93	:	1790840939.918	 24886.140	0	34606	0	0	./bin/champsim_goldencove_1c_hbm4 --warmup-instructions 200000000 --ramulator-stats results/1c/hbm4/ramulator/654.roms_s-1070B.yaml --json results/1c/hbm4/champsim/654.roms_s-1070B.json traces/654.roms_s-1070B.champsimtrace.xz
105	:	1790847094.755	 18789.736	0	35028	0	0	./bin/champsim_goldencove_1c_hbm4_llc --warmup-instructions 200000000 --ramulator-stats results/1c/hbm4_llc/ramulator/600.perlbench_s-210B.yaml --json results/1c/hbm4_llc/champsim/600.perlbench_s-210B.json traces/600.perlbench_s-210B.champsimtrace.xz
109	:	1790848323.815	 19232.448	0	35158	0	0	./bin/champsim_goldencove_1c_hbm4_llc --warmup-instructions 200000000 --ramulator-stats results/1c/hbm4_llc/ramulator/602.gcc_s-2375B.yaml --json results/1c/hbm4_llc/champsim/602.gcc_s-2375B.json traces/602.gcc_s-2375B.champsimtrace.xz
86	:	1790833813.699	 34076.289	0	34676	0	0	./bin/champsim_goldencove_1c_hbm4 --warmup-instructions 200000000 --ramulator-stats results/1c/hbm4/ramulator/649.fotonik3d_s-10881B.yaml --json results/1c/hbm4/champsim/649.fotonik3d_s-10881B.json traces/649.fotonik3d_s-10881B.champsimtrace.xz
96	:	1790843941.889	 24960.684	0	34547	0	0	./bin/champsim_goldencove_1c_hbm4 --warmup-instructions 200000000 --ramulator-stats results/1c/hbm4/ramulator/654.roms_s-293B.yaml --json results/1c/hbm4/champsim/654.roms_s-293B.json traces/654.roms_s-293B.champsimtrace.xz
94	:	1790842747.089	 27484.104	0	34608	0	0	./bin/champsim_goldencove_1c_hbm4 --warmup-instructions 200000000 --ramulator-stats results/1c/hbm4/ramulator/654.roms_s-1390B.yaml --json results/1c/hbm4/champsim/654.roms_s-1390B.json traces/654.roms_s-1390B.champsimtrace.xz
98	:	1790844702.184	 26736.411	0	34601	0	0	./bin/champsim_goldencove_1c_hbm4 --warmup-instructions 200000000 --ramulator-stats results/1c/hbm4/ramulator/654.roms_s-523B.yaml --json results/1c/hbm4/champsim/654.roms_s-523B.json traces/654.roms_s-523B.champsimtrace.xz
114	:	1790851441.572	 24052.338	0	34752	0	0	./bin/champsim_goldencove_1c_hbm4_llc --warmup-instructions 200000000 --ramulator-stats results/1c/hbm4_llc/ramulator/603.bwaves_s-2931B.yaml --json results/1c/hbm4_llc/champsim/603.bwaves_s-2931B.json traces/603.bwaves_s-2931B.champsimtrace.xz
107	:	1790847750.832	 29131.519	0	35383	0	0	./bin/champsim_goldencove_1c_hbm4_llc --warmup-instructions 200000000 --ramulator-stats results/1c/hbm4_llc/ramulator/602.gcc_s-1850B.yaml --json results/1c/hbm4_llc/champsim/602.gcc_s-1850B.json traces/602.gcc_s-1850B.champsimtrace.xz
113	:	1790849754.473	 27653.863	0	35373	0	0	./bin/champsim_goldencove_1c_hbm4_llc --warmup-instructions 200000000 --ramulator-stats results/1c/hbm4_llc/ramulator/603.bwaves_s-2609B.yaml --json results/1c/hbm4_llc/champsim/603.bwaves_s-2609B.json traces/603.bwaves_s-2609B.champsimtrace.xz
112	:	1790849746.263	 27760.263	0	35377	0	0	./bin/champsim_goldencove_1c_hbm4_llc --warmup-instructions 200000000 --ramulator-stats results/1c/hbm4_llc/ramulator/603.bwaves_s-1740B.yaml --json results/1c/hbm4_llc/champsim/603.bwaves_s-1740B.json traces/603.bwaves_s-1740B.champsimtrace.xz
130	:	1790864506.067	 13167.590	0	34902	0	0	./bin/champsim_goldencove_1c_hbm4_llc --warmup-instructions 200000000 --ramulator-stats results/1c/hbm4_llc/ramulator/607.cactuBSSN_s-4248B.yaml --json results/1c/hbm4_llc/champsim/607.cactuBSSN_s-4248B.json traces/607.cactuBSSN_s-4248B.champsimtrace.xz
117	:	1790852252.637	 26675.520	0	35363	0	0	./bin/champsim_goldencove_1c_hbm4_llc --warmup-instructions 200000000 --ramulator-stats results/1c/hbm4_llc/ramulator/603.bwaves_s-891B.yaml --json results/1c/hbm4_llc/champsim/603.bwaves_s-891B.json traces/603.bwaves_s-891B.champsimtrace.xz
137	:	1790865884.515	 18727.411	0	34988	0	0	./bin/champsim_goldencove_1c_hbm4_llc --warmup-instructions 200000000 --ramulator-stats results/1c/hbm4_llc/ramulator/621.wrf_s-575B.yaml --json results/1c/hbm4_llc/champsim/621.wrf_s-575B.json traces/621.wrf_s-575B.champsimtrace.xz
138	:	1790867556.274	 18386.366	0	35035	0	0	./bin/champsim_goldencove_1c_hbm4_llc --warmup-instructions 200000000 --ramulator-stats results/1c/hbm4_llc/ramulator/621.wrf_s-6673B.yaml --json results/1c/hbm4_llc/champsim/621.wrf_s-6673B.json traces/621.wrf_s-6673B.champsimtrace.xz
139	:	1790867890.008	 18435.327	0	35034	0	0	./bin/champsim_goldencove_1c_hbm4_llc --warmup-instructions 200000000 --ramulator-stats results/1c/hbm4_llc/ramulator/621.wrf_s-8065B.yaml --json results/1c/hbm4_llc/champsim/621.wrf_s-8065B.json traces/621.wrf_s-8065B.champsimtrace.xz
127	:	1790864127.226	 22830.082	0	35020	0	0	./bin/champsim_goldencove_1c_hbm4_llc --warmup-instructions 200000000 --ramulator-stats results/1c/hbm4_llc/ramulator/607.cactuBSSN_s-2421B.yaml --json results/1c/hbm4_llc/champsim/607.cactuBSSN_s-2421B.json traces/607.cactuBSSN_s-2421B.champsimtrace.xz
140	:	1790868902.583	 18103.720	0	35032	0	0	./bin/champsim_goldencove_1c_hbm4_llc --warmup-instructions 200000000 --ramulator-stats results/1c/hbm4_llc/ramulator/621.wrf_s-8100B.yaml --json results/1c/hbm4_llc/champsim/621.wrf_s-8100B.json traces/621.wrf_s-8100B.champsimtrace.xz
4	:	1790787751.150	 99400.863	0	227866	0	0	./bin/champsim_goldencove_8c_hbm4 --warmup-instructions 200000000 --ramulator-stats results/8c/hbm4/ramulator/random.yaml --json results/8c/hbm4/champsim/random.json traces/657.xz_s-3167B.champsimtrace.xz traces/605.mcf_s-1152B.champsimtrace.xz traces/605.mcf_s-665B.champsimtrace.xz traces/605.mcf_s-472B.champsimtrace.xz traces/641.leela_s-800B.champsimtrace.xz traces/607.cactuBSSN_s-4004B.champsimtrace.xz traces/648.exchange2_s-1227B.champsimtrace.xz traces/600.perlbench_s-1273B.champsimtrace.xz
129	:	1790864418.200	 23761.283	0	35017	0	0	./bin/champsim_goldencove_1c_hbm4_llc --warmup-instructions 200000000 --ramulator-stats results/1c/hbm4_llc/ramulator/607.cactuBSSN_s-4004B.yaml --json results/1c/hbm4_llc/champsim/607.cactuBSSN_s-4004B.json traces/607.cactuBSSN_s-4004B.champsimtrace.xz
128	:	1790864306.041	 24205.066	0	35100	0	0	./bin/champsim_goldencove_1c_hbm4_llc --warmup-instructions 200000000 --ramulator-stats results/1c/hbm4_llc/ramulator/607.cactuBSSN_s-3477B.yaml --json results/1c/hbm4_llc/champsim/607.cactuBSSN_s-3477B.json traces/607.cactuBSSN_s-3477B.champsimtrace.xz
121	:	1790860495.641	 28198.622	0	35481	0	0	./bin/champsim_goldencove_1c_hbm4_llc --warmup-instructions 200000000 --ramulator-stats results/1c/hbm4_llc/ramulator/605.mcf_s-1644B.yaml --json results/1c/hbm4_llc/champsim/605.mcf_s-1644B.json traces/605.mcf_s-1644B.champsimtrace.xz
142	:	1790871438.606	 17562.893	0	34974	0	0	./bin/champsim_goldencove_1c_hbm4_llc --warmup-instructions 200000000 --ramulator-stats results/1c/hbm4_llc/ramulator/623.xalancbmk_s-165B.yaml --json results/1c/hbm4_llc/champsim/623.xalancbmk_s-165B.json traces/623.xalancbmk_s-165B.champsimtrace.xz
8	:	1790787751.163	101491.064	0	245166	0	0	./bin/champsim_goldencove_8c_hbm4_llc --warmup-instructions 200000000 --ramulator-stats results/8c/hbm4_llc/ramulator/random.yaml --json results/8c/hbm4_llc/champsim/random.json traces/657.xz_s-3167B.champsimtrace.xz traces/605.mcf_s-1152B.champsimtrace.xz traces/605.mcf_s-665B.champsimtrace.xz traces/605.mcf_s-472B.champsimtrace.xz traces/641.leela_s-800B.champsimtrace.xz traces/607.cactuBSSN_s-4004B.champsimtrace.xz traces/648.exchange2_s-1227B.champsimtrace.xz traces/600.perlbench_s-1273B.champsimtrace.xz
147	:	1790877673.674	 13858.678	0	34943	0	0	./bin/champsim_goldencove_1c_hbm4_llc --warmup-instructions 200000000 --ramulator-stats results/1c/hbm4_llc/ramulator/625.x264_s-12B.yaml --json results/1c/hbm4_llc/champsim/625.x264_s-12B.json traces/625.x264_s-12B.champsimtrace.xz
131	:	1790864943.463	 26886.671	0	35382	0	0	./bin/champsim_goldencove_1c_hbm4_llc --warmup-instructions 200000000 --ramulator-stats results/1c/hbm4_llc/ramulator/619.lbm_s-2676B.yaml --json results/1c/hbm4_llc/champsim/619.lbm_s-2676B.json traces/619.lbm_s-2676B.champsimtrace.xz
134	:	1790865548.001	 27309.230	0	35384	0	0	./bin/champsim_goldencove_1c_hbm4_llc --warmup-instructions 200000000 --ramulator-stats results/1c/hbm4_llc/ramulator/619.lbm_s-4268B.yaml --json results/1c/hbm4_llc/champsim/619.lbm_s-4268B.json traces/619.lbm_s-4268B.champsimtrace.xz
143	:	1790875493.926	 17585.274	0	34985	0	0	./bin/champsim_goldencove_1c_hbm4_llc --warmup-instructions 200000000 --ramulator-stats results/1c/hbm4_llc/ramulator/623.xalancbmk_s-202B.yaml --json results/1c/hbm4_llc/champsim/623.xalancbmk_s-202B.json traces/623.xalancbmk_s-202B.champsimtrace.xz
132	:	1790864952.293	 28194.140	0	35375	0	0	./bin/champsim_goldencove_1c_hbm4_llc --warmup-instructions 200000000 --ramulator-stats results/1c/hbm4_llc/ramulator/619.lbm_s-2677B.yaml --json results/1c/hbm4_llc/champsim/619.lbm_s-2677B.json traces/619.lbm_s-2677B.champsimtrace.xz
136	:	1790865826.072	 27360.000	0	35382	0	0	./bin/champsim_goldencove_1c_hbm4_llc --warmup-instructions 200000000 --ramulator-stats results/1c/hbm4_llc/ramulator/620.omnetpp_s-874B.yaml --json results/1c/hbm4_llc/champsim/620.omnetpp_s-874B.json traces/620.omnetpp_s-874B.champsimtrace.xz
148	:	1790878928.175	 14266.979	0	34961	0	0	./bin/champsim_goldencove_1c_hbm4_llc --warmup-instructions 200000000 --ramulator-stats results/1c/hbm4_llc/ramulator/625.x264_s-18B.yaml --json results/1c/hbm4_llc/champsim/625.x264_s-18B.json traces/625.x264_s-18B.champsimtrace.xz
135	:	1790865661.465	 28133.545	0	35404	0	0	./bin/champsim_goldencove_1c_hbm4_llc --warmup-instructions 200000000 --ramulator-stats results/1c/hbm4_llc/ramulator/620.omnetpp_s-141B.yaml --json results/1c/hbm4_llc/champsim/620.omnetpp_s-141B.json traces/620.omnetpp_s-141B.champsimtrace.xz
124	:	1790862953.223	 30954.659	0	35381	0	0	./bin/champsim_goldencove_1c_hbm4_llc --warmup-instructions 200000000 --ramulator-stats results/1c/hbm4_llc/ramulator/605.mcf_s-665B.yaml --json results/1c/hbm4_llc/champsim/605.mcf_s-665B.json traces/605.mcf_s-665B.champsimtrace.xz
133	:	1790865515.922	 28752.516	0	35340	0	0	./bin/champsim_goldencove_1c_hbm4_llc --warmup-instructions 200000000 --ramulator-stats results/1c/hbm4_llc/ramulator/619.lbm_s-3766B.yaml --json results/1c/hbm4_llc/champsim/619.lbm_s-3766B.json traces/619.lbm_s-3766B.champsimtrace.xz
141	:	1790870231.204	 24456.039	0	35377	0	0	./bin/champsim_goldencove_1c_hbm4_llc --warmup-instructions 200000000 --ramulator-stats results/1c/hbm4_llc/ramulator/623.xalancbmk_s-10B.yaml --json results/1c/hbm4_llc/champsim/623.xalancbmk_s-10B.json traces/623.xalancbmk_s-10B.champsimtrace.xz
144	:	1790876882.382	 18367.998	0	35106	0	0	./bin/champsim_goldencove_1c_hbm4_llc --warmup-instructions 200000000 --ramulator-stats results/1c/hbm4_llc/ramulator/623.xalancbmk_s-325B.yaml --json results/1c/hbm4_llc/champsim/623.xalancbmk_s-325B.json traces/623.xalancbmk_s-325B.champsimtrace.xz
119	:	1790858681.083	 37602.085	0	35409	0	0	./bin/champsim_goldencove_1c_hbm4_llc --warmup-instructions 200000000 --ramulator-stats results/1c/hbm4_llc/ramulator/605.mcf_s-1536B.yaml --json results/1c/hbm4_llc/champsim/605.mcf_s-1536B.json traces/605.mcf_s-1536B.champsimtrace.xz
145	:	1790877408.357	 19083.629	0	35080	0	0	./bin/champsim_goldencove_1c_hbm4_llc --warmup-instructions 200000000 --ramulator-stats results/1c/hbm4_llc/ramulator/623.xalancbmk_s-592B.yaml --json results/1c/hbm4_llc/champsim/623.xalancbmk_s-592B.json traces/623.xalancbmk_s-592B.champsimtrace.xz
146	:	1790877506.545	 19543.434	0	35269	0	0	./bin/champsim_goldencove_1c_hbm4_llc --warmup-instructions 200000000 --ramulator-stats results/1c/hbm4_llc/ramulator/623.xalancbmk_s-700B.yaml --json results/1c/hbm4_llc/champsim/623.xalancbmk_s-700B.json traces/623.xalancbmk_s-700B.champsimtrace.xz
156	:	1790888511.116	  8604.255	0	34716	0	0	./bin/champsim_goldencove_1c_hbm4_llc --warmup-instructions 200000000 --ramulator-stats results/1c/hbm4_llc/ramulator/638.imagick_s-10316B.yaml --json results/1c/hbm4_llc/champsim/638.imagick_s-10316B.json traces/638.imagick_s-10316B.champsimtrace.xz
120	:	1790859693.314	 37566.786	0	35410	0	0	./bin/champsim_goldencove_1c_hbm4_llc --warmup-instructions 200000000 --ramulator-stats results/1c/hbm4_llc/ramulator/605.mcf_s-1554B.yaml --json results/1c/hbm4_llc/champsim/605.mcf_s-1554B.json traces/605.mcf_s-1554B.champsimtrace.xz
149	:	1790884611.960	 13180.454	0	34940	0	0	./bin/champsim_goldencove_1c_hbm4_llc --warmup-instructions 200000000 --ramulator-stats results/1c/hbm4_llc/ramulator/625.x264_s-20B.yaml --json results/1c/hbm4_llc/champsim/625.x264_s-20B.json traces/625.x264_s-20B.champsimtrace.xz
126	:	1790864079.781	 34706.274	0	35389	0	0	./bin/champsim_goldencove_1c_hbm4_llc --warmup-instructions 200000000 --ramulator-stats results/1c/hbm4_llc/ramulator/605.mcf_s-994B.yaml --json results/1c/hbm4_llc/champsim/605.mcf_s-994B.json traces/605.mcf_s-994B.champsimtrace.xz
153	:	1790887006.314	 12070.186	0	34929	0	0	./bin/champsim_goldencove_1c_hbm4_llc --warmup-instructions 200000000 --ramulator-stats results/1c/hbm4_llc/ramulator/627.cam4_s-573B.yaml --json results/1c/hbm4_llc/champsim/627.cam4_s-573B.json traces/627.cam4_s-573B.champsimtrace.xz
150	:	1790885942.653	 13520.945	0	34944	0	0	./bin/champsim_goldencove_1c_hbm4_llc --warmup-instructions 200000000 --ramulator-stats results/1c/hbm4_llc/ramulator/625.x264_s-33B.yaml --json results/1c/hbm4_llc/champsim/625.x264_s-33B.json traces/625.x264_s-33B.champsimtrace.xz
151	:	1790886325.349	 13405.173	0	34938	0	0	./bin/champsim_goldencove_1c_hbm4_llc --warmup-instructions 200000000 --ramulator-stats results/1c/hbm4_llc/ramulator/625.x264_s-39B.yaml --json results/1c/hbm4_llc/champsim/625.x264_s-39B.json traces/625.x264_s-39B.champsimtrace.xz
122	:	1790862519.687	 38037.680	0	35454	0	0	./bin/champsim_goldencove_1c_hbm4_llc --warmup-instructions 200000000 --ramulator-stats results/1c/hbm4_llc/ramulator/605.mcf_s-472B.yaml --json results/1c/hbm4_llc/champsim/605.mcf_s-472B.json traces/605.mcf_s-472B.champsimtrace.xz
154	:	1790887152.057	 13967.203	0	34949	0	0	./bin/champsim_goldencove_1c_hbm4_llc --warmup-instructions 200000000 --ramulator-stats results/1c/hbm4_llc/ramulator/628.pop2_s-17B.yaml --json results/1c/hbm4_llc/champsim/628.pop2_s-17B.json traces/628.pop2_s-17B.champsimtrace.xz
118	:	1790857322.315	 44516.486	0	35408	0	0	./bin/champsim_goldencove_1c_hbm4_llc --warmup-instructions 200000000 --ramulator-stats results/1c/hbm4_llc/ramulator/605.mcf_s-1152B.yaml --json results/1c/hbm4_llc/champsim/605.mcf_s-1152B.json traces/605.mcf_s-1152B.champsimtrace.xz
157	:	1790888694.274	 13282.551	0	34994	0	0	./bin/champsim_goldencove_1c_hbm4_llc --warmup-instructions 200000000 --ramulator-stats results/1c/hbm4_llc/ramulator/638.imagick_s-4128B.yaml --json results/1c/hbm4_llc/champsim/638.imagick_s-4128B.json traces/638.imagick_s-4128B.champsimtrace.xz
152	:	1790886957.322	 15236.675	0	34977	0	0	./bin/champsim_goldencove_1c_hbm4_llc --warmup-instructions 200000000 --ramulator-stats results/1c/hbm4_llc/ramulator/627.cam4_s-490B.yaml --json results/1c/hbm4_llc/champsim/627.cam4_s-490B.json traces/627.cam4_s-490B.champsimtrace.xz
158	:	1790889001.511	 14504.024	0	34925	0	0	./bin/champsim_goldencove_1c_hbm4_llc --warmup-instructions 200000000 --ramulator-stats results/1c/hbm4_llc/ramulator/638.imagick_s-824B.yaml --json results/1c/hbm4_llc/champsim/638.imagick_s-824B.json traces/638.imagick_s-824B.champsimtrace.xz
159	:	1790889242.270	 15748.220	0	34996	0	0	./bin/champsim_goldencove_1c_hbm4_llc --warmup-instructions 200000000 --ramulator-stats results/1c/hbm4_llc/ramulator/641.leela_s-1052B.yaml --json results/1c/hbm4_llc/champsim/641.leela_s-1052B.json traces/641.leela_s-1052B.champsimtrace.xz
155	:	1790888179.493	 17077.164	0	34989	0	0	./bin/champsim_goldencove_1c_hbm4_llc --warmup-instructions 200000000 --ramulator-stats results/1c/hbm4_llc/ramulator/631.deepsjeng_s-928B.yaml --json results/1c/hbm4_llc/champsim/631.deepsjeng_s-928B.json traces/631.deepsjeng_s-928B.champsimtrace.xz
166	:	1790893195.165	 12951.130	0	34931	0	0	./bin/champsim_goldencove_1c_hbm4_llc --warmup-instructions 200000000 --ramulator-stats results/1c/hbm4_llc/ramulator/644.nab_s-12459B.yaml --json results/1c/hbm4_llc/champsim/644.nab_s-12459B.json traces/644.nab_s-12459B.champsimtrace.xz
123	:	1790862716.985	 43465.842	0	35468	0	0	./bin/champsim_goldencove_1c_hbm4_llc --warmup-instructions 200000000 --ramulator-stats results/1c/hbm4_llc/ramulator/605.mcf_s-484B.yaml --json results/1c/hbm4_llc/champsim/605.mcf_s-484B.json traces/605.mcf_s-484B.champsimtrace.xz
30	:	1790787751.252	118634.076	0	34982	0	0	./bin/champsim_goldencove_1c_hbm4 --warmup-instructions 200000000 --ramulator-stats results/1c/hbm4/ramulator/605.mcf_s-782B.yaml --json results/1c/hbm4/champsim/605.mcf_s-782B.json traces/605.mcf_s-782B.champsimtrace.xz
161	:	1790891830.146	 14742.969	0	34938	0	0	./bin/champsim_goldencove_1c_hbm4_llc --warmup-instructions 200000000 --ramulator-stats results/1c/hbm4_llc/ramulator/641.leela_s-149B.yaml --json results/1c/hbm4_llc/champsim/641.leela_s-149B.json traces/641.leela_s-149B.champsimtrace.xz
160	:	1790891532.369	 15180.663	0	35053	0	0	./bin/champsim_goldencove_1c_hbm4_llc --warmup-instructions 200000000 --ramulator-stats results/1c/hbm4_llc/ramulator/641.leela_s-1083B.yaml --json results/1c/hbm4_llc/champsim/641.leela_s-1083B.json traces/641.leela_s-1083B.champsimtrace.xz
165	:	1790893186.084	 14873.592	0	34992	0	0	./bin/champsim_goldencove_1c_hbm4_llc --warmup-instructions 200000000 --ramulator-stats results/1c/hbm4_llc/ramulator/641.leela_s-862B.yaml --json results/1c/hbm4_llc/champsim/641.leela_s-862B.json traces/641.leela_s-862B.champsimtrace.xz
163	:	1790893079.213	 15122.931	0	34998	0	0	./bin/champsim_goldencove_1c_hbm4_llc --warmup-instructions 200000000 --ramulator-stats results/1c/hbm4_llc/ramulator/641.leela_s-602B.yaml --json results/1c/hbm4_llc/champsim/641.leela_s-602B.json traces/641.leela_s-602B.champsimtrace.xz
164	:	1790893146.444	 15325.332	0	35012	0	0	./bin/champsim_goldencove_1c_hbm4_llc --warmup-instructions 200000000 --ramulator-stats results/1c/hbm4_llc/ramulator/641.leela_s-800B.yaml --json results/1c/hbm4_llc/champsim/641.leela_s-800B.json traces/641.leela_s-800B.champsimtrace.xz
108	:	1790848192.197	 60516.411	0	35415	0	0	./bin/champsim_goldencove_1c_hbm4_llc --warmup-instructions 200000000 --ramulator-stats results/1c/hbm4_llc/ramulator/602.gcc_s-2226B.yaml --json results/1c/hbm4_llc/champsim/602.gcc_s-2226B.json traces/602.gcc_s-2226B.champsimtrace.xz
162	:	1790892857.244	 15994.980	0	35018	0	0	./bin/champsim_goldencove_1c_hbm4_llc --warmup-instructions 200000000 --ramulator-stats results/1c/hbm4_llc/ramulator/641.leela_s-334B.yaml --json results/1c/hbm4_llc/champsim/641.leela_s-334B.json traces/641.leela_s-334B.champsimtrace.xz
171	:	1790895250.390	 14110.388	0	34980	0	0	./bin/champsim_goldencove_1c_hbm4_llc --warmup-instructions 200000000 --ramulator-stats results/1c/hbm4_llc/ramulator/648.exchange2_s-1227B.yaml --json results/1c/hbm4_llc/champsim/648.exchange2_s-1227B.json traces/648.exchange2_s-1227B.champsimtrace.xz
169	:	1790894268.449	 16048.319	0	34963	0	0	./bin/champsim_goldencove_1c_hbm4_llc --warmup-instructions 200000000 --ramulator-stats results/1c/hbm4_llc/ramulator/644.nab_s-7928B.yaml --json results/1c/hbm4_llc/champsim/644.nab_s-7928B.json traces/644.nab_s-7928B.champsimtrace.xz
168	:	1790893907.893	 16506.088	0	35359	0	0	./bin/champsim_goldencove_1c_hbm4_llc --warmup-instructions 200000000 --ramulator-stats results/1c/hbm4_llc/ramulator/644.nab_s-5853B.yaml --json results/1c/hbm4_llc/champsim/644.nab_s-5853B.json traces/644.nab_s-5853B.champsimtrace.xz
167	:	1790893795.020	 16716.818	0	34993	0	0	./bin/champsim_goldencove_1c_hbm4_llc --warmup-instructions 200000000 --ramulator-stats results/1c/hbm4_llc/ramulator/644.nab_s-12521B.yaml --json results/1c/hbm4_llc/champsim/644.nab_s-12521B.json traces/644.nab_s-12521B.champsimtrace.xz
173	:	1790896491.997	 14633.564	0	34173	0	0	./bin/champsim_goldencove_1c_hbm4_llc --warmup-instructions 200000000 --ramulator-stats results/1c/hbm4_llc/ramulator/648.exchange2_s-1511B.yaml --json results/1c/hbm4_llc/champsim/648.exchange2_s-1511B.json traces/648.exchange2_s-1511B.champsimtrace.xz
172	:	1790896283.179	 14849.064	0	34976	0	0	./bin/champsim_goldencove_1c_hbm4_llc --warmup-instructions 200000000 --ramulator-stats results/1c/hbm4_llc/ramulator/648.exchange2_s-1247B.yaml --json results/1c/hbm4_llc/champsim/648.exchange2_s-1247B.json traces/648.exchange2_s-1247B.champsimtrace.xz
170	:	1790894687.252	 16947.117	0	34958	0	0	./bin/champsim_goldencove_1c_hbm4_llc --warmup-instructions 200000000 --ramulator-stats results/1c/hbm4_llc/ramulator/644.nab_s-9322B.yaml --json results/1c/hbm4_llc/champsim/644.nab_s-9322B.json traces/644.nab_s-9322B.champsimtrace.xz
178	:	1790898786.066	 13006.611	0	34151	0	0	./bin/champsim_goldencove_1c_hbm4_llc --warmup-instructions 200000000 --ramulator-stats results/1c/hbm4_llc/ramulator/648.exchange2_s-387B.yaml --json results/1c/hbm4_llc/champsim/648.exchange2_s-387B.json traces/648.exchange2_s-387B.champsimtrace.xz
175	:	1790897115.381	 15060.241	0	34995	0	0	./bin/champsim_goldencove_1c_hbm4_llc --warmup-instructions 200000000 --ramulator-stats results/1c/hbm4_llc/ramulator/648.exchange2_s-1712B.yaml --json results/1c/hbm4_llc/champsim/648.exchange2_s-1712B.json traces/648.exchange2_s-1712B.champsimtrace.xz
177	:	1790897792.424	 14485.986	0	34959	0	0	./bin/champsim_goldencove_1c_hbm4_llc --warmup-instructions 200000000 --ramulator-stats results/1c/hbm4_llc/ramulator/648.exchange2_s-353B.yaml --json results/1c/hbm4_llc/champsim/648.exchange2_s-353B.json traces/648.exchange2_s-353B.champsimtrace.xz
174	:	1790897049.993	 15287.187	0	34190	0	0	./bin/champsim_goldencove_1c_hbm4_llc --warmup-instructions 200000000 --ramulator-stats results/1c/hbm4_llc/ramulator/648.exchange2_s-1699B.yaml --json results/1c/hbm4_llc/champsim/648.exchange2_s-1699B.json traces/648.exchange2_s-1699B.champsimtrace.xz
176	:	1790897260.110	 16858.125	0	34975	0	0	./bin/champsim_goldencove_1c_hbm4_llc --warmup-instructions 200000000 --ramulator-stats results/1c/hbm4_llc/ramulator/648.exchange2_s-210B.yaml --json results/1c/hbm4_llc/champsim/648.exchange2_s-210B.json traces/648.exchange2_s-210B.champsimtrace.xz
187	:	1790903505.546	 10638.026	0	34902	0	0	./bin/champsim_goldencove_1c_hbm4_llc --warmup-instructions 200000000 --ramulator-stats results/1c/hbm4_llc/ramulator/654.roms_s-1021B.yaml --json results/1c/hbm4_llc/champsim/654.roms_s-1021B.json traces/654.roms_s-1021B.champsimtrace.xz
179	:	1790899076.512	 15096.674	0	34953	0	0	./bin/champsim_goldencove_1c_hbm4_llc --warmup-instructions 200000000 --ramulator-stats results/1c/hbm4_llc/ramulator/648.exchange2_s-584B.yaml --json results/1c/hbm4_llc/champsim/648.exchange2_s-584B.json traces/648.exchange2_s-584B.champsimtrace.xz
180	:	1790899463.608	 14838.050	0	34958	0	0	./bin/champsim_goldencove_1c_hbm4_llc --warmup-instructions 200000000 --ramulator-stats results/1c/hbm4_llc/ramulator/648.exchange2_s-72B.yaml --json results/1c/hbm4_llc/champsim/648.exchange2_s-72B.json traces/648.exchange2_s-72B.champsimtrace.xz
183	:	1790901119.270	 14290.940	0	34977	0	0	./bin/champsim_goldencove_1c_hbm4_llc --warmup-instructions 200000000 --ramulator-stats results/1c/hbm4_llc/ramulator/649.fotonik3d_s-1B.yaml --json results/1c/hbm4_llc/champsim/649.fotonik3d_s-1B.json traces/649.fotonik3d_s-1B.champsimtrace.xz
198	:	1790908708.619	  8929.255	0	34874	0	0	./bin/champsim_goldencove_1c_hbm4_llc --warmup-instructions 200000000 --ramulator-stats results/1c/hbm4_llc/ramulator/657.xz_s-56B.yaml --json results/1c/hbm4_llc/champsim/657.xz_s-56B.json traces/657.xz_s-56B.champsimtrace.xz
197	:	1790908471.786	 11241.447	0	34947	0	0	./bin/champsim_goldencove_1c_hbm4_llc --warmup-instructions 200000000 --ramulator-stats results/1c/hbm4_llc/ramulator/657.xz_s-4994B.yaml --json results/1c/hbm4_llc/champsim/657.xz_s-4994B.json traces/657.xz_s-4994B.champsimtrace.xz
196	:	1790908202.155	 12321.110	0	34950	0	0	./bin/champsim_goldencove_1c_hbm4_llc --warmup-instructions 200000000 --ramulator-stats results/1c/hbm4_llc/ramulator/657.xz_s-3167B.yaml --json results/1c/hbm4_llc/champsim/657.xz_s-3167B.json traces/657.xz_s-3167B.champsimtrace.xz
195	:	1790908059.687	 12850.585	0	34983	0	0	./bin/champsim_goldencove_1c_hbm4_llc --warmup-instructions 200000000 --ramulator-stats results/1c/hbm4_llc/ramulator/657.xz_s-2302B.yaml --json results/1c/hbm4_llc/champsim/657.xz_s-2302B.json traces/657.xz_s-2302B.champsimtrace.xz
194	:	1790906713.042	 14832.583	0	35024	0	0	./bin/champsim_goldencove_1c_hbm4_llc --warmup-instructions 200000000 --ramulator-stats results/1c/hbm4_llc/ramulator/654.roms_s-842B.yaml --json results/1c/hbm4_llc/champsim/654.roms_s-842B.json traces/654.roms_s-842B.champsimtrace.xz
192	:	1790906385.342	 16708.321	0	35145	0	0	./bin/champsim_goldencove_1c_hbm4_llc --warmup-instructions 200000000 --ramulator-stats results/1c/hbm4_llc/ramulator/654.roms_s-294B.yaml --json results/1c/hbm4_llc/champsim/654.roms_s-294B.json traces/654.roms_s-294B.champsimtrace.xz
190	:	1790906146.305	 17123.807	0	35176	0	0	./bin/champsim_goldencove_1c_hbm4_llc --warmup-instructions 200000000 --ramulator-stats results/1c/hbm4_llc/ramulator/654.roms_s-1613B.yaml --json results/1c/hbm4_llc/champsim/654.roms_s-1613B.json traces/654.roms_s-1613B.champsimtrace.xz
186	:	1790902194.015	 21271.428	0	35324	0	0	./bin/champsim_goldencove_1c_hbm4_llc --warmup-instructions 200000000 --ramulator-stats results/1c/hbm4_llc/ramulator/654.roms_s-1007B.yaml --json results/1c/hbm4_llc/champsim/654.roms_s-1007B.json traces/654.roms_s-1007B.champsimtrace.xz
3	:	1790787751.146	136366.776	0	219295	0	0	./bin/champsim_goldencove_8c_hbm4 --warmup-instructions 200000000 --ramulator-stats results/8c/hbm4/ramulator/mix.yaml --json results/8c/hbm4/champsim/mix.json traces/649.fotonik3d_s-8225B.champsimtrace.xz traces/649.fotonik3d_s-1176B.champsimtrace.xz traces/602.gcc_s-2226B.champsimtrace.xz traces/602.gcc_s-1850B.champsimtrace.xz traces/605.mcf_s-782B.champsimtrace.xz traces/623.xalancbmk_s-10B.champsimtrace.xz traces/605.mcf_s-1554B.champsimtrace.xz traces/605.mcf_s-1152B.champsimtrace.xz
188	:	1790904990.501	 19903.765	0	35349	0	0	./bin/champsim_goldencove_1c_hbm4_llc --warmup-instructions 200000000 --ramulator-stats results/1c/hbm4_llc/ramulator/654.roms_s-1070B.yaml --json results/1c/hbm4_llc/champsim/654.roms_s-1070B.json traces/654.roms_s-1070B.champsimtrace.xz
184	:	1790901838.813	 24804.536	0	35391	0	0	./bin/champsim_goldencove_1c_hbm4_llc --warmup-instructions 200000000 --ramulator-stats results/1c/hbm4_llc/ramulator/649.fotonik3d_s-7084B.yaml --json results/1c/hbm4_llc/champsim/649.fotonik3d_s-7084B.json traces/649.fotonik3d_s-7084B.champsimtrace.xz
191	:	1790906182.837	 20466.822	0	35288	0	0	./bin/champsim_goldencove_1c_hbm4_llc --warmup-instructions 200000000 --ramulator-stats results/1c/hbm4_llc/ramulator/654.roms_s-293B.yaml --json results/1c/hbm4_llc/champsim/654.roms_s-293B.json traces/654.roms_s-293B.champsimtrace.xz
193	:	1790906573.124	 20985.141	0	35320	0	0	./bin/champsim_goldencove_1c_hbm4_llc --warmup-instructions 200000000 --ramulator-stats results/1c/hbm4_llc/ramulator/654.roms_s-523B.yaml --json results/1c/hbm4_llc/champsim/654.roms_s-523B.json traces/654.roms_s-523B.champsimtrace.xz
189	:	1790905256.669	 22624.194	0	35341	0	0	./bin/champsim_goldencove_1c_hbm4_llc --warmup-instructions 200000000 --ramulator-stats results/1c/hbm4_llc/ramulator/654.roms_s-1390B.yaml --json results/1c/hbm4_llc/champsim/654.roms_s-1390B.json traces/654.roms_s-1390B.champsimtrace.xz
182	:	1790900557.376	 28218.855	0	35405	0	0	./bin/champsim_goldencove_1c_hbm4_llc --warmup-instructions 200000000 --ramulator-stats results/1c/hbm4_llc/ramulator/649.fotonik3d_s-1176B.yaml --json results/1c/hbm4_llc/champsim/649.fotonik3d_s-1176B.json traces/649.fotonik3d_s-1176B.champsimtrace.xz
181	:	1790899730.533	 29214.888	0	35408	0	0	./bin/champsim_goldencove_1c_hbm4_llc --warmup-instructions 200000000 --ramulator-stats results/1c/hbm4_llc/ramulator/649.fotonik3d_s-10881B.yaml --json results/1c/hbm4_llc/champsim/649.fotonik3d_s-10881B.json traces/649.fotonik3d_s-10881B.champsimtrace.xz
125	:	1790863481.807	 66455.314	0	35435	0	0	./bin/champsim_goldencove_1c_hbm4_llc --warmup-instructions 200000000 --ramulator-stats results/1c/hbm4_llc/ramulator/605.mcf_s-782B.yaml --json results/1c/hbm4_llc/champsim/605.mcf_s-782B.json traces/605.mcf_s-782B.champsimtrace.xz
185	:	1790901976.837	 28308.009	0	35375	0	0	./bin/champsim_goldencove_1c_hbm4_llc --warmup-instructions 200000000 --ramulator-stats results/1c/hbm4_llc/ramulator/649.fotonik3d_s-8225B.yaml --json results/1c/hbm4_llc/champsim/649.fotonik3d_s-8225B.json traces/649.fotonik3d_s-8225B.champsimtrace.xz
5	:	1790787751.153	146861.104	0	239853	0	0	./bin/champsim_goldencove_8c_hbm4_llc --warmup-instructions 200000000 --ramulator-stats results/8c/hbm4_llc/ramulator/llc-compatible.yaml --json results/8c/hbm4_llc/champsim/llc-compatible.json traces/623.xalancbmk_s-10B.champsimtrace.xz traces/605.mcf_s-1554B.champsimtrace.xz traces/605.mcf_s-1536B.champsimtrace.xz traces/605.mcf_s-782B.champsimtrace.xz traces/605.mcf_s-1152B.champsimtrace.xz traces/620.omnetpp_s-141B.champsimtrace.xz traces/620.omnetpp_s-874B.champsimtrace.xz traces/605.mcf_s-665B.champsimtrace.xz
6	:	1790787751.156	147083.041	0	261464	0	0	./bin/champsim_goldencove_8c_hbm4_llc --warmup-instructions 200000000 --ramulator-stats results/8c/hbm4_llc/ramulator/llc-incompatible.yaml --json results/8c/hbm4_llc/champsim/llc-incompatible.json traces/649.fotonik3d_s-1176B.champsimtrace.xz traces/649.fotonik3d_s-8225B.champsimtrace.xz traces/603.bwaves_s-891B.champsimtrace.xz traces/602.gcc_s-2226B.champsimtrace.xz traces/602.gcc_s-1850B.champsimtrace.xz traces/654.roms_s-293B.champsimtrace.xz traces/649.fotonik3d_s-7084B.champsimtrace.xz traces/605.mcf_s-484B.champsimtrace.xz
2	:	1790787751.143	147413.149	0	264014	0	0	./bin/champsim_goldencove_8c_hbm4 --warmup-instructions 200000000 --ramulator-stats results/8c/hbm4/ramulator/llc-incompatible.yaml --json results/8c/hbm4/champsim/llc-incompatible.json traces/649.fotonik3d_s-1176B.champsimtrace.xz traces/649.fotonik3d_s-8225B.champsimtrace.xz traces/603.bwaves_s-891B.champsimtrace.xz traces/602.gcc_s-2226B.champsimtrace.xz traces/602.gcc_s-1850B.champsimtrace.xz traces/654.roms_s-293B.champsimtrace.xz traces/649.fotonik3d_s-7084B.champsimtrace.xz traces/605.mcf_s-484B.champsimtrace.xz
7	:	1790787751.160	159793.161	0	260136	0	0	./bin/champsim_goldencove_8c_hbm4_llc --warmup-instructions 200000000 --ramulator-stats results/8c/hbm4_llc/ramulator/mix.yaml --json results/8c/hbm4_llc/champsim/mix.json traces/649.fotonik3d_s-8225B.champsimtrace.xz traces/649.fotonik3d_s-1176B.champsimtrace.xz traces/602.gcc_s-2226B.champsimtrace.xz traces/602.gcc_s-1850B.champsimtrace.xz traces/605.mcf_s-782B.champsimtrace.xz traces/623.xalancbmk_s-10B.champsimtrace.xz traces/605.mcf_s-1554B.champsimtrace.xz traces/605.mcf_s-1152B.champsimtrace.xz
1	:	1790787751.139	212027.914	0	249876	0	0	./bin/champsim_goldencove_8c_hbm4 --warmup-instructions 200000000 --ramulator-stats results/8c/hbm4/ramulator/llc-compatible.yaml --json results/8c/hbm4/champsim/llc-compatible.json traces/623.xalancbmk_s-10B.champsimtrace.xz traces/605.mcf_s-1554B.champsimtrace.xz traces/605.mcf_s-1536B.champsimtrace.xz traces/605.mcf_s-782B.champsimtrace.xz traces/605.mcf_s-1152B.champsimtrace.xz traces/620.omnetpp_s-141B.champsimtrace.xz traces/620.omnetpp_s-874B.champsimtrace.xz traces/605.mcf_s-665B.champsimtrace.xz
